  Geri y├╝klenecek projeler belirleniyor...
C:\Users\kursa\.gemini\antigravity\scratch\HousingEstateManagement\HousingEstateManagement.Application\HousingEstateManagement.Application.csproj : warning NU1903: 'AutoMapper' 12.0.1 paketinde ├Ânem derecesi y├╝ksek olan bilinen bir https://github.com/advisories/GHSA-rvv3-g6hj-g44x g├╝venlik a├ğ─▒─ş─▒ var [C:\Users\kursa\.gemini\antigravity\scratch\HousingEstateManagement\HousingEstateManagement.API\HousingEstateManagement.API.sln]
C:\Users\kursa\.gemini\antigravity\scratch\HousingEstateManagement\HousingEstateManagement.API\HousingEstateManagement.API.csproj : warning NU1903: 'AutoMapper' 12.0.1 paketinde ├Ânem derecesi y├╝ksek olan bilinen bir https://github.com/advisories/GHSA-rvv3-g6hj-g44x g├╝venlik a├ğ─▒─ş─▒ var [C:\Users\kursa\.gemini\antigravity\scratch\HousingEstateManagement\HousingEstateManagement.API\HousingEstateManagement.API.sln]
  Geri y├╝kleme i├ğin t├╝m projeler g├╝ncel.
C:\Program Files\dotnet\sdk\9.0.203\Microsoft.Common.CurrentVersion.targets(5902,5): warning MSB3061: "C:\Users\kursa\.gemini\antigravity\scratch\HousingEstateManagement\HousingEstateManagement.API\bin\Debug\net9.0\HousingEstateManagement.API.exe" dosyas─▒ silinemiyor. Access to the path 'C:\Users\kursa\.gemini\antigravity\scratch\HousingEstateManagement\HousingEstateManagement.API\bin\Debug\net9.0\HousingEstateManagement.API.exe' is denied. Dosya ┼şunun taraf─▒ndan kilitlendi: "HousingEstateManagement.API (1440)" [C:\Users\kursa\.gemini\antigravity\scratch\HousingEstateManagement\HousingEstateManagement.API\HousingEstateManagement.API.csproj]
C:\Program Files\dotnet\sdk\9.0.203\Microsoft.Common.CurrentVersion.targets(5902,5): warning MSB3061: "C:\Users\kursa\.gemini\antigravity\scratch\HousingEstateManagement\HousingEstateManagement.API\bin\Debug\net9.0\HousingEstateManagement.API.dll" dosyas─▒ silinemiyor. Access to the path 'C:\Users\kursa\.gemini\antigravity\scratch\HousingEstateManagement\HousingEstateManagement.API\bin\Debug\net9.0\HousingEstateManagement.API.dll' is denied. Dosya ┼şunun taraf─▒ndan kilitlendi: "HousingEstateManagement.API (1440)" [C:\Users\kursa\.gemini\antigravity\scratch\HousingEstateManagement\HousingEstateManagement.API\HousingEstateManagement.API.csproj]
C:\Program Files\dotnet\sdk\9.0.203\Microsoft.Common.CurrentVersion.targets(5902,5): warning MSB3061: "C:\Users\kursa\.gemini\antigravity\scratch\HousingEstateManagement\HousingEstateManagement.API\bin\Debug\net9.0\Microsoft.AspNetCore.OpenApi.dll" dosyas─▒ silinemiyor. Access to the path 'C:\Users\kursa\.gemini\antigravity\scratch\HousingEstateManagement\HousingEstateManagement.API\bin\Debug\net9.0\Microsoft.AspNetCore.OpenApi.dll' is denied. Dosya ┼şunun taraf─▒ndan kilitlendi: "HousingEstateManagement.API (1440)" [C:\Users\kursa\.gemini\antigravity\scratch\HousingEstateManagement\HousingEstateManagement.API\HousingEstateManagement.API.csproj]
C:\Program Files\dotnet\sdk\9.0.203\Microsoft.Common.CurrentVersion.targets(5902,5): warning MSB3061: "C:\Users\kursa\.gemini\antigravity\scratch\HousingEstateManagement\HousingEstateManagement.API\bin\Debug\net9.0\Microsoft.EntityFrameworkCore.dll" dosyas─▒ silinemiyor. Access to the path 'C:\Users\kursa\.gemini\antigravity\scratch\HousingEstateManagement\HousingEstateManagement.API\bin\Debug\net9.0\Microsoft.EntityFrameworkCore.dll' is denied. Dosya ┼şunun taraf─▒ndan kilitlendi: "HousingEstateManagement.API (1440)" [C:\Users\kursa\.gemini\antigravity\scratch\HousingEstateManagement\HousingEstateManagement.API\HousingEstateManagement.API.csproj]
C:\Program Files\dotnet\sdk\9.0.203\Microsoft.Common.CurrentVersion.targets(5902,5): warning MSB3061: "C:\Users\kursa\.gemini\antigravity\scratch\HousingEstateManagement\HousingEstateManagement.API\bin\Debug\net9.0\Microsoft.EntityFrameworkCore.Abstractions.dll" dosyas─▒ silinemiyor. Access to the path 'C:\Users\kursa\.gemini\antigravity\scratch\HousingEstateManagement\HousingEstateManagement.API\bin\Debug\net9.0\Microsoft.EntityFrameworkCore.Abstractions.dll' is denied. Dosya ┼şunun taraf─▒ndan kilitlendi: "HousingEstateManagement.API (1440)" [C:\Users\kursa\.gemini\antigravity\scratch\HousingEstateManagement\HousingEstateManagement.API\HousingEstateManagement.API.csproj]
C:\Program Files\dotnet\sdk\9.0.203\Microsoft.Common.CurrentVersion.targets(5902,5): warning MSB3061: "C:\Users\kursa\.gemini\antigravity\scratch\HousingEstateManagement\HousingEstateManagement.API\bin\Debug\net9.0\Microsoft.EntityFrameworkCore.Relational.dll" dosyas─▒ silinemiyor. Access to the path 'C:\Users\kursa\.gemini\antigravity\scratch\HousingEstateManagement\HousingEstateManagement.API\bin\Debug\net9.0\Microsoft.EntityFrameworkCore.Relational.dll' is denied. Dosya ┼şunun taraf─▒ndan kilitlendi: "HousingEstateManagement.API (1440)" [C:\Users\kursa\.gemini\antigravity\scratch\HousingEstateManagement\HousingEstateManagement.API\HousingEstateManagement.API.csproj]
C:\Program Files\dotnet\sdk\9.0.203\Microsoft.Common.CurrentVersion.targets(5902,5): warning MSB3061: "C:\Users\kursa\.gemini\antigravity\scratch\HousingEstateManagement\HousingEstateManagement.API\bin\Debug\net9.0\Microsoft.EntityFrameworkCore.SqlServer.dll" dosyas─▒ silinemiyor. Access to the path 'C:\Users\kursa\.gemini\antigravity\scratch\HousingEstateManagement\HousingEstateManagement.API\bin\Debug\net9.0\Microsoft.EntityFrameworkCore.SqlServer.dll' is denied. Dosya ┼şunun taraf─▒ndan kilitlendi: "HousingEstateManagement.API (1440)" [C:\Users\kursa\.gemini\antigravity\scratch\HousingEstateManagement\HousingEstateManagement.API\HousingEstateManagement.API.csproj]
C:\Program Files\dotnet\sdk\9.0.203\Microsoft.Common.CurrentVersion.targets(5902,5): warning MSB3061: "C:\Users\kursa\.gemini\antigravity\scratch\HousingEstateManagement\HousingEstateManagement.API\bin\Debug\net9.0\Microsoft.Identity.Client.dll" dosyas─▒ silinemiyor. Access to the path 'C:\Users\kursa\.gemini\antigravity\scratch\HousingEstateManagement\HousingEstateManagement.API\bin\Debug\net9.0\Microsoft.Identity.Client.dll' is denied. Dosya ┼şunun taraf─▒ndan kilitlendi: "HousingEstateManagement.API (1440)" [C:\Users\kursa\.gemini\antigravity\scratch\HousingEstateManagement\HousingEstateManagement.API\HousingEstateManagement.API.csproj]
C:\Program Files\dotnet\sdk\9.0.203\Microsoft.Common.CurrentVersion.targets(5902,5): warning MSB3061: "C:\Users\kursa\.gemini\antigravity\scratch\HousingEstateManagement\HousingEstateManagement.API\bin\Debug\net9.0\Microsoft.IdentityModel.Abstractions.dll" dosyas─▒ silinemiyor. Access to the path 'C:\Users\kursa\.gemini\antigravity\scratch\HousingEstateManagement\HousingEstateManagement.API\bin\Debug\net9.0\Microsoft.IdentityModel.Abstractions.dll' is denied. Dosya ┼şunun taraf─▒ndan kilitlendi: "HousingEstateManagement.API (1440)" [C:\Users\kursa\.gemini\antigravity\scratch\HousingEstateManagement\HousingEstateManagement.API\HousingEstateManagement.API.csproj]
C:\Program Files\dotnet\sdk\9.0.203\Microsoft.Common.CurrentVersion.targets(5902,5): warning MSB3061: "C:\Users\kursa\.gemini\antigravity\scratch\HousingEstateManagement\HousingEstateManagement.API\bin\Debug\net9.0\Microsoft.IdentityModel.JsonWebTokens.dll" dosyas─▒ silinemiyor. Access to the path 'C:\Users\kursa\.gemini\antigravity\scratch\HousingEstateManagement\HousingEstateManagement.API\bin\Debug\net9.0\Microsoft.IdentityModel.JsonWebTokens.dll' is denied. Dosya ┼şunun taraf─▒ndan kilitlendi: "HousingEstateManagement.API (1440)" [C:\Users\kursa\.gemini\antigravity\scratch\HousingEstateManagement\HousingEstateManagement.API\HousingEstateManagement.API.csproj]
C:\Program Files\dotnet\sdk\9.0.203\Microsoft.Common.CurrentVersion.targets(5902,5): warning MSB3061: "C:\Users\kursa\.gemini\antigravity\scratch\HousingEstateManagement\HousingEstateManagement.API\bin\Debug\net9.0\Microsoft.IdentityModel.Logging.dll" dosyas─▒ silinemiyor. Access to the path 'C:\Users\kursa\.gemini\antigravity\scratch\HousingEstateManagement\HousingEstateManagement.API\bin\Debug\net9.0\Microsoft.IdentityModel.Logging.dll' is denied. Dosya ┼şunun taraf─▒ndan kilitlendi: "HousingEstateManagement.API (1440)" [C:\Users\kursa\.gemini\antigravity\scratch\HousingEstateManagement\HousingEstateManagement.API\HousingEstateManagement.API.csproj]
C:\Program Files\dotnet\sdk\9.0.203\Microsoft.Common.CurrentVersion.targets(5902,5): warning MSB3061: "C:\Users\kursa\.gemini\antigravity\scratch\HousingEstateManagement\HousingEstateManagement.API\bin\Debug\net9.0\Microsoft.IdentityModel.Protocols.dll" dosyas─▒ silinemiyor. Access to the path 'C:\Users\kursa\.gemini\antigravity\scratch\HousingEstateManagement\HousingEstateManagement.API\bin\Debug\net9.0\Microsoft.IdentityModel.Protocols.dll' is denied. Dosya ┼şunun taraf─▒ndan kilitlendi: "HousingEstateManagement.API (1440)" [C:\Users\kursa\.gemini\antigravity\scratch\HousingEstateManagement\HousingEstateManagement.API\HousingEstateManagement.API.csproj]
C:\Program Files\dotnet\sdk\9.0.203\Microsoft.Common.CurrentVersion.targets(5902,5): warning MSB3061: "C:\Users\kursa\.gemini\antigravity\scratch\HousingEstateManagement\HousingEstateManagement.API\bin\Debug\net9.0\Microsoft.IdentityModel.Protocols.OpenIdConnect.dll" dosyas─▒ silinemiyor. Access to the path 'C:\Users\kursa\.gemini\antigravity\scratch\HousingEstateManagement\HousingEstateManagement.API\bin\Debug\net9.0\Microsoft.IdentityModel.Protocols.OpenIdConnect.dll' is denied. Dosya ┼şunun taraf─▒ndan kilitlendi: "HousingEstateManagement.API (1440)" [C:\Users\kursa\.gemini\antigravity\scratch\HousingEstateManagement\HousingEstateManagement.API\HousingEstateManagement.API.csproj]
C:\Program Files\dotnet\sdk\9.0.203\Microsoft.Common.CurrentVersion.targets(5902,5): warning MSB3061: "C:\Users\kursa\.gemini\antigravity\scratch\HousingEstateManagement\HousingEstateManagement.API\bin\Debug\net9.0\Microsoft.IdentityModel.Tokens.dll" dosyas─▒ silinemiyor. Access to the path 'C:\Users\kursa\.gemini\antigravity\scratch\HousingEstateManagement\HousingEstateManagement.API\bin\Debug\net9.0\Microsoft.IdentityModel.Tokens.dll' is denied. Dosya ┼şunun taraf─▒ndan kilitlendi: "HousingEstateManagement.API (1440)" [C:\Users\kursa\.gemini\antigravity\scratch\HousingEstateManagement\HousingEstateManagement.API\HousingEstateManagement.API.csproj]
C:\Program Files\dotnet\sdk\9.0.203\Microsoft.Common.CurrentVersion.targets(5902,5): warning MSB3061: "C:\Users\kursa\.gemini\antigravity\scratch\HousingEstateManagement\HousingEstateManagement.API\bin\Debug\net9.0\Microsoft.OpenApi.dll" dosyas─▒ silinemiyor. Access to the path 'C:\Users\kursa\.gemini\antigravity\scratch\HousingEstateManagement\HousingEstateManagement.API\bin\Debug\net9.0\Microsoft.OpenApi.dll' is denied. Dosya ┼şunun taraf─▒ndan kilitlendi: "HousingEstateManagement.API (1440)" [C:\Users\kursa\.gemini\antigravity\scratch\HousingEstateManagement\HousingEstateManagement.API\HousingEstateManagement.API.csproj]
C:\Program Files\dotnet\sdk\9.0.203\Microsoft.Common.CurrentVersion.targets(5902,5): warning MSB3061: "C:\Users\kursa\.gemini\antigravity\scratch\HousingEstateManagement\HousingEstateManagement.API\bin\Debug\net9.0\Microsoft.SqlServer.Server.dll" dosyas─▒ silinemiyor. Access to the path 'C:\Users\kursa\.gemini\antigravity\scratch\HousingEstateManagement\HousingEstateManagement.API\bin\Debug\net9.0\Microsoft.SqlServer.Server.dll' is denied. Dosya ┼şunun taraf─▒ndan kilitlendi: "HousingEstateManagement.API (1440)" [C:\Users\kursa\.gemini\antigravity\scratch\HousingEstateManagement\HousingEstateManagement.API\HousingEstateManagement.API.csproj]
C:\Program Files\dotnet\sdk\9.0.203\Microsoft.Common.CurrentVersion.targets(5902,5): warning MSB3061: "C:\Users\kursa\.gemini\antigravity\scratch\HousingEstateManagement\HousingEstateManagement.API\bin\Debug\net9.0\System.Configuration.ConfigurationManager.dll" dosyas─▒ silinemiyor. Access to the path 'C:\Users\kursa\.gemini\antigravity\scratch\HousingEstateManagement\HousingEstateManagement.API\bin\Debug\net9.0\System.Configuration.ConfigurationManager.dll' is denied. Dosya ┼şunun taraf─▒ndan kilitlendi: "HousingEstateManagement.API (1440)" [C:\Users\kursa\.gemini\antigravity\scratch\HousingEstateManagement\HousingEstateManagement.API\HousingEstateManagement.API.csproj]
C:\Program Files\dotnet\sdk\9.0.203\Microsoft.Common.CurrentVersion.targets(5902,5): warning MSB3061: "C:\Users\kursa\.gemini\antigravity\scratch\HousingEstateManagement\HousingEstateManagement.API\bin\Debug\net9.0\System.IdentityModel.Tokens.Jwt.dll" dosyas─▒ silinemiyor. Access to the path 'C:\Users\kursa\.gemini\antigravity\scratch\HousingEstateManagement\HousingEstateManagement.API\bin\Debug\net9.0\System.IdentityModel.Tokens.Jwt.dll' is denied. Dosya ┼şunun taraf─▒ndan kilitlendi: "HousingEstateManagement.API (1440)" [C:\Users\kursa\.gemini\antigravity\scratch\HousingEstateManagement\HousingEstateManagement.API\HousingEstateManagement.API.csproj]
C:\Program Files\dotnet\sdk\9.0.203\Microsoft.Common.CurrentVersion.targets(5902,5): warning MSB3061: "C:\Users\kursa\.gemini\antigravity\scratch\HousingEstateManagement\HousingEstateManagement.API\bin\Debug\net9.0\runtimes\win\lib\net6.0\Microsoft.Data.SqlClient.dll" dosyas─▒ silinemiyor. Access to the path 'C:\Users\kursa\.gemini\antigravity\scratch\HousingEstateManagement\HousingEstateManagement.API\bin\Debug\net9.0\runtimes\win\lib\net6.0\Microsoft.Data.SqlClient.dll' is denied. Dosya ┼şunun taraf─▒ndan kilitlendi: "HousingEstateManagement.API (1440)" [C:\Users\kursa\.gemini\antigravity\scratch\HousingEstateManagement\HousingEstateManagement.API\HousingEstateManagement.API.csproj]
C:\Program Files\dotnet\sdk\9.0.203\Microsoft.Common.CurrentVersion.targets(5902,5): warning MSB3061: "C:\Users\kursa\.gemini\antigravity\scratch\HousingEstateManagement\HousingEstateManagement.API\bin\Debug\net9.0\runtimes\win-x64\native\Microsoft.Data.SqlClient.SNI.dll" dosyas─▒ silinemiyor. Access to the path 'C:\Users\kursa\.gemini\antigravity\scratch\HousingEstateManagement\HousingEstateManagement.API\bin\Debug\net9.0\runtimes\win-x64\native\Microsoft.Data.SqlClient.SNI.dll' is denied. Dosya ┼şunun taraf─▒ndan kilitlendi: "HousingEstateManagement.API (1440)" [C:\Users\kursa\.gemini\antigravity\scratch\HousingEstateManagement\HousingEstateManagement.API\HousingEstateManagement.API.csproj]
C:\Program Files\dotnet\sdk\9.0.203\Microsoft.Common.CurrentVersion.targets(5902,5): warning MSB3061: "C:\Users\kursa\.gemini\antigravity\scratch\HousingEstateManagement\HousingEstateManagement.API\bin\Debug\net9.0\AutoMapper.dll" dosyas─▒ silinemiyor. Access to the path 'C:\Users\kursa\.gemini\antigravity\scratch\HousingEstateManagement\HousingEstateManagement.API\bin\Debug\net9.0\AutoMapper.dll' is denied. Dosya ┼şunun taraf─▒ndan kilitlendi: "HousingEstateManagement.API (1440)" [C:\Users\kursa\.gemini\antigravity\scratch\HousingEstateManagement\HousingEstateManagement.API\HousingEstateManagement.API.csproj]
C:\Program Files\dotnet\sdk\9.0.203\Microsoft.Common.CurrentVersion.targets(5902,5): warning MSB3061: "C:\Users\kursa\.gemini\antigravity\scratch\HousingEstateManagement\HousingEstateManagement.API\bin\Debug\net9.0\AutoMapper.Extensions.Microsoft.DependencyInjection.dll" dosyas─▒ silinemiyor. Access to the path 'C:\Users\kursa\.gemini\antigravity\scratch\HousingEstateManagement\HousingEstateManagement.API\bin\Debug\net9.0\AutoMapper.Extensions.Microsoft.DependencyInjection.dll' is denied. Dosya ┼şunun taraf─▒ndan kilitlendi: "HousingEstateManagement.API (1440)" [C:\Users\kursa\.gemini\antigravity\scratch\HousingEstateManagement\HousingEstateManagement.API\HousingEstateManagement.API.csproj]
C:\Program Files\dotnet\sdk\9.0.203\Microsoft.Common.CurrentVersion.targets(5902,5): warning MSB3061: "C:\Users\kursa\.gemini\antigravity\scratch\HousingEstateManagement\HousingEstateManagement.API\bin\Debug\net9.0\Microsoft.AspNetCore.Authentication.JwtBearer.dll" dosyas─▒ silinemiyor. Access to the path 'C:\Users\kursa\.gemini\antigravity\scratch\HousingEstateManagement\HousingEstateManagement.API\bin\Debug\net9.0\Microsoft.AspNetCore.Authentication.JwtBearer.dll' is denied. Dosya ┼şunun taraf─▒ndan kilitlendi: "HousingEstateManagement.API (1440)" [C:\Users\kursa\.gemini\antigravity\scratch\HousingEstateManagement\HousingEstateManagement.API\HousingEstateManagement.API.csproj]
C:\Program Files\dotnet\sdk\9.0.203\Microsoft.Common.CurrentVersion.targets(5902,5): warning MSB3061: "C:\Users\kursa\.gemini\antigravity\scratch\HousingEstateManagement\HousingEstateManagement.API\bin\Debug\net9.0\Microsoft.Extensions.Configuration.dll" dosyas─▒ silinemiyor. Access to the path 'C:\Users\kursa\.gemini\antigravity\scratch\HousingEstateManagement\HousingEstateManagement.API\bin\Debug\net9.0\Microsoft.Extensions.Configuration.dll' is denied. Dosya ┼şunun taraf─▒ndan kilitlendi: "HousingEstateManagement.API (1440)" [C:\Users\kursa\.gemini\antigravity\scratch\HousingEstateManagement\HousingEstateManagement.API\HousingEstateManagement.API.csproj]
C:\Program Files\dotnet\sdk\9.0.203\Microsoft.Common.CurrentVersion.targets(5902,5): warning MSB3061: "C:\Users\kursa\.gemini\antigravity\scratch\HousingEstateManagement\HousingEstateManagement.API\bin\Debug\net9.0\Microsoft.Extensions.Configuration.Abstractions.dll" dosyas─▒ silinemiyor. Access to the path 'C:\Users\kursa\.gemini\antigravity\scratch\HousingEstateManagement\HousingEstateManagement.API\bin\Debug\net9.0\Microsoft.Extensions.Configuration.Abstractions.dll' is denied. Dosya ┼şunun taraf─▒ndan kilitlendi: "HousingEstateManagement.API (1440)" [C:\Users\kursa\.gemini\antigravity\scratch\HousingEstateManagement\HousingEstateManagement.API\HousingEstateManagement.API.csproj]
C:\Program Files\dotnet\sdk\9.0.203\Microsoft.Common.CurrentVersion.targets(5902,5): warning MSB3061: "C:\Users\kursa\.gemini\antigravity\scratch\HousingEstateManagement\HousingEstateManagement.API\bin\Debug\net9.0\Microsoft.Extensions.Configuration.Binder.dll" dosyas─▒ silinemiyor. Access to the path 'C:\Users\kursa\.gemini\antigravity\scratch\HousingEstateManagement\HousingEstateManagement.API\bin\Debug\net9.0\Microsoft.Extensions.Configuration.Binder.dll' is denied. Dosya ┼şunun taraf─▒ndan kilitlendi: "HousingEstateManagement.API (1440)" [C:\Users\kursa\.gemini\antigravity\scratch\HousingEstateManagement\HousingEstateManagement.API\HousingEstateManagement.API.csproj]
C:\Program Files\dotnet\sdk\9.0.203\Microsoft.Common.CurrentVersion.targets(5902,5): warning MSB3061: "C:\Users\kursa\.gemini\antigravity\scratch\HousingEstateManagement\HousingEstateManagement.API\bin\Debug\net9.0\Microsoft.Extensions.Primitives.dll" dosyas─▒ silinemiyor. Access to the path 'C:\Users\kursa\.gemini\antigravity\scratch\HousingEstateManagement\HousingEstateManagement.API\bin\Debug\net9.0\Microsoft.Extensions.Primitives.dll' is denied. Dosya ┼şunun taraf─▒ndan kilitlendi: "HousingEstateManagement.API (1440)" [C:\Users\kursa\.gemini\antigravity\scratch\HousingEstateManagement\HousingEstateManagement.API\HousingEstateManagement.API.csproj]
C:\Program Files\dotnet\sdk\9.0.203\Microsoft.Common.CurrentVersion.targets(5902,5): warning MSB3061: "C:\Users\kursa\.gemini\antigravity\scratch\HousingEstateManagement\HousingEstateManagement.API\bin\Debug\net9.0\HousingEstateManagement.Application.dll" dosyas─▒ silinemiyor. Access to the path 'C:\Users\kursa\.gemini\antigravity\scratch\HousingEstateManagement\HousingEstateManagement.API\bin\Debug\net9.0\HousingEstateManagement.Application.dll' is denied. Dosya ┼şunun taraf─▒ndan kilitlendi: "HousingEstateManagement.API (1440)" [C:\Users\kursa\.gemini\antigravity\scratch\HousingEstateManagement\HousingEstateManagement.API\HousingEstateManagement.API.csproj]
C:\Program Files\dotnet\sdk\9.0.203\Microsoft.Common.CurrentVersion.targets(5902,5): warning MSB3061: "C:\Users\kursa\.gemini\antigravity\scratch\HousingEstateManagement\HousingEstateManagement.API\bin\Debug\net9.0\HousingEstateManagement.Domain.dll" dosyas─▒ silinemiyor. Access to the path 'C:\Users\kursa\.gemini\antigravity\scratch\HousingEstateManagement\HousingEstateManagement.API\bin\Debug\net9.0\HousingEstateManagement.Domain.dll' is denied. Dosya ┼şunun taraf─▒ndan kilitlendi: "HousingEstateManagement.API (1440)" [C:\Users\kursa\.gemini\antigravity\scratch\HousingEstateManagement\HousingEstateManagement.API\HousingEstateManagement.API.csproj]
C:\Program Files\dotnet\sdk\9.0.203\Microsoft.Common.CurrentVersion.targets(5902,5): warning MSB3061: "C:\Users\kursa\.gemini\antigravity\scratch\HousingEstateManagement\HousingEstateManagement.API\bin\Debug\net9.0\HousingEstateManagement.Infrastructure.dll" dosyas─▒ silinemiyor. Access to the path 'C:\Users\kursa\.gemini\antigravity\scratch\HousingEstateManagement\HousingEstateManagement.API\bin\Debug\net9.0\HousingEstateManagement.Infrastructure.dll' is denied. Dosya ┼şunun taraf─▒ndan kilitlendi: "HousingEstateManagement.API (1440)" [C:\Users\kursa\.gemini\antigravity\scratch\HousingEstateManagement\HousingEstateManagement.API\HousingEstateManagement.API.csproj]
C:\Users\kursa\.gemini\antigravity\scratch\HousingEstateManagement\HousingEstateManagement.API\HousingEstateManagement.API.csproj : warning NU1903: 'AutoMapper' 12.0.1 paketinde ├Ânem derecesi y├╝ksek olan bilinen bir https://github.com/advisories/GHSA-rvv3-g6hj-g44x g├╝venlik a├ğ─▒─ş─▒ var
  HousingEstateManagement.Domain -> C:\Users\kursa\.gemini\antigravity\scratch\HousingEstateManagement\HousingEstateManagement.Domain\bin\Debug\net9.0\HousingEstateManagement.Domain.dll
C:\Users\kursa\.gemini\antigravity\scratch\HousingEstateManagement\HousingEstateManagement.Application\Services\ElectionService.cs(198,35): warning CS1998: Bu zaman uyumsuz y├Ântemde 'await' i┼şle├ğleri yok ve zaman uyumlu ├ğal─▒┼şacak. 'await' i┼şlecini kullanarak engelleyici olmayan API ├ğa─şr─▒lar─▒n─▒ beklemeyi veya 'await Task.Run(...)' kullanarak bir arka plan i┼ş par├ğac─▒─ş─▒nda CPU ba─şlant─▒l─▒ i┼ş yapmay─▒ d├╝┼ş├╝n├╝n. [C:\Users\kursa\.gemini\antigravity\scratch\HousingEstateManagement\HousingEstateManagement.Application\HousingEstateManagement.Application.csproj]
  HousingEstateManagement.Application -> C:\Users\kursa\.gemini\antigravity\scratch\HousingEstateManagement\HousingEstateManagement.Application\bin\Debug\net9.0\HousingEstateManagement.Application.dll
C:\Users\kursa\.gemini\antigravity\scratch\HousingEstateManagement\HousingEstateManagement.Infrastructure\Services\JwtService.cs(30,71): warning CS8604: 'byte[] Encoding.GetBytes(string s)' i├ğindeki 's' parametresi i├ğin olas─▒ null ba┼şvuru ba─ş─▒ms─▒z de─şi┼şkeni. [C:\Users\kursa\.gemini\antigravity\scratch\HousingEstateManagement\HousingEstateManagement.Infrastructure\HousingEstateManagement.Infrastructure.csproj]
C:\Users\kursa\.gemini\antigravity\scratch\HousingEstateManagement\HousingEstateManagement.Infrastructure\Repositories\ElectionRepository.cs(34,20): warning CS8603: Olas─▒ null ba┼şvuru d├Ân├╝┼ş├╝. [C:\Users\kursa\.gemini\antigravity\scratch\HousingEstateManagement\HousingEstateManagement.Infrastructure\HousingEstateManagement.Infrastructure.csproj]
  HousingEstateManagement.Infrastructure -> C:\Users\kursa\.gemini\antigravity\scratch\HousingEstateManagement\HousingEstateManagement.Infrastructure\bin\Debug\net9.0\HousingEstateManagement.Infrastructure.dll
C:\Users\kursa\.gemini\antigravity\scratch\HousingEstateManagement\HousingEstateManagement.API\Program.cs(52,76): warning CS8604: 'byte[] Encoding.GetBytes(string s)' i├ğindeki 's' parametresi i├ğin olas─▒ null ba┼şvuru ba─ş─▒ms─▒z de─şi┼şkeni. [C:\Users\kursa\.gemini\antigravity\scratch\HousingEstateManagement\HousingEstateManagement.API\HousingEstateManagement.API.csproj]
C:\Program Files\dotnet\sdk\9.0.203\Microsoft.Common.CurrentVersion.targets(5063,5): warning MSB3026: "C:\Users\kursa\.gemini\antigravity\scratch\HousingEstateManagement\HousingEstateManagement.Application\bin\Debug\net9.0\HousingEstateManagement.Application.dll", "bin\Debug\net9.0\HousingEstateManagement.Application.dll" ├╝zerine kopyalanamad─▒. 1 numaral─▒ yeniden denemeye 1000 ms i├ğinde ba┼şlanacak. The process cannot access the file 'C:\Users\kursa\.gemini\antigravity\scratch\HousingEstateManagement\HousingEstateManagement.API\bin\Debug\net9.0\HousingEstateManagement.Application.dll' because it is being used by another process. Dosya ┼şunun taraf─▒ndan kilitlendi: "HousingEstateManagement.API (1440)" [C:\Users\kursa\.gemini\antigravity\scratch\HousingEstateManagement\HousingEstateManagement.API\HousingEstateManagement.API.csproj]
C:\Program Files\dotnet\sdk\9.0.203\Microsoft.Common.CurrentVersion.targets(5063,5): warning MSB3026: "C:\Users\kursa\.gemini\antigravity\scratch\HousingEstateManagement\HousingEstateManagement.Domain\bin\Debug\net9.0\HousingEstateManagement.Domain.dll", "bin\Debug\net9.0\HousingEstateManagement.Domain.dll" ├╝zerine kopyalanamad─▒. 1 numaral─▒ yeniden denemeye 1000 ms i├ğinde ba┼şlanacak. The process cannot access the file 'C:\Users\kursa\.gemini\antigravity\scratch\HousingEstateManagement\HousingEstateManagement.API\bin\Debug\net9.0\HousingEstateManagement.Domain.dll' because it is being used by another process. Dosya ┼şunun taraf─▒ndan kilitlendi: "HousingEstateManagement.API (1440)" [C:\Users\kursa\.gemini\antigravity\scratch\HousingEstateManagement\HousingEstateManagement.API\HousingEstateManagement.API.csproj]
C:\Program Files\dotnet\sdk\9.0.203\Microsoft.Common.CurrentVersion.targets(5063,5): warning MSB3026: "C:\Users\kursa\.gemini\antigravity\scratch\HousingEstateManagement\HousingEstateManagement.Infrastructure\bin\Debug\net9.0\HousingEstateManagement.Infrastructure.dll", "bin\Debug\net9.0\HousingEstateManagement.Infrastructure.dll" ├╝zerine kopyalanamad─▒. 1 numaral─▒ yeniden denemeye 1000 ms i├ğinde ba┼şlanacak. The process cannot access the file 'C:\Users\kursa\.gemini\antigravity\scratch\HousingEstateManagement\HousingEstateManagement.API\bin\Debug\net9.0\HousingEstateManagement.Infrastructure.dll' because it is being used by another process. Dosya ┼şunun taraf─▒ndan kilitlendi: "HousingEstateManagement.API (1440)" [C:\Users\kursa\.gemini\antigravity\scratch\HousingEstateManagement\HousingEstateManagement.API\HousingEstateManagement.API.csproj]
C:\Program Files\dotnet\sdk\9.0.203\Microsoft.Common.CurrentVersion.targets(5063,5): warning MSB3026: "C:\Users\kursa\.gemini\antigravity\scratch\HousingEstateManagement\HousingEstateManagement.Application\bin\Debug\net9.0\HousingEstateManagement.Application.dll", "bin\Debug\net9.0\HousingEstateManagement.Application.dll" ├╝zerine kopyalanamad─▒. 2 numaral─▒ yeniden denemeye 1000 ms i├ğinde ba┼şlanacak. The process cannot access the file 'C:\Users\kursa\.gemini\antigravity\scratch\HousingEstateManagement\HousingEstateManagement.API\bin\Debug\net9.0\HousingEstateManagement.Application.dll' because it is being used by another process. Dosya ┼şunun taraf─▒ndan kilitlendi: "HousingEstateManagement.API (1440)" [C:\Users\kursa\.gemini\antigravity\scratch\HousingEstateManagement\HousingEstateManagement.API\HousingEstateManagement.API.csproj]
C:\Program Files\dotnet\sdk\9.0.203\Microsoft.Common.CurrentVersion.targets(5063,5): warning MSB3026: "C:\Users\kursa\.gemini\antigravity\scratch\HousingEstateManagement\HousingEstateManagement.Domain\bin\Debug\net9.0\HousingEstateManagement.Domain.dll", "bin\Debug\net9.0\HousingEstateManagement.Domain.dll" ├╝zerine kopyalanamad─▒. 2 numaral─▒ yeniden denemeye 1000 ms i├ğinde ba┼şlanacak. The process cannot access the file 'C:\Users\kursa\.gemini\antigravity\scratch\HousingEstateManagement\HousingEstateManagement.API\bin\Debug\net9.0\HousingEstateManagement.Domain.dll' because it is being used by another process. Dosya ┼şunun taraf─▒ndan kilitlendi: "HousingEstateManagement.API (1440)" [C:\Users\kursa\.gemini\antigravity\scratch\HousingEstateManagement\HousingEstateManagement.API\HousingEstateManagement.API.csproj]
C:\Program Files\dotnet\sdk\9.0.203\Microsoft.Common.CurrentVersion.targets(5063,5): warning MSB3026: "C:\Users\kursa\.gemini\antigravity\scratch\HousingEstateManagement\HousingEstateManagement.Infrastructure\bin\Debug\net9.0\HousingEstateManagement.Infrastructure.dll", "bin\Debug\net9.0\HousingEstateManagement.Infrastructure.dll" ├╝zerine kopyalanamad─▒. 2 numaral─▒ yeniden denemeye 1000 ms i├ğinde ba┼şlanacak. The process cannot access the file 'C:\Users\kursa\.gemini\antigravity\scratch\HousingEstateManagement\HousingEstateManagement.API\bin\Debug\net9.0\HousingEstateManagement.Infrastructure.dll' because it is being used by another process. Dosya ┼şunun taraf─▒ndan kilitlendi: "HousingEstateManagement.API (1440)" [C:\Users\kursa\.gemini\antigravity\scratch\HousingEstateManagement\HousingEstateManagement.API\HousingEstateManagement.API.csproj]
C:\Program Files\dotnet\sdk\9.0.203\Microsoft.Common.CurrentVersion.targets(5063,5): warning MSB3026: "C:\Users\kursa\.gemini\antigravity\scratch\HousingEstateManagement\HousingEstateManagement.Application\bin\Debug\net9.0\HousingEstateManagement.Application.dll", "bin\Debug\net9.0\HousingEstateManagement.Application.dll" ├╝zerine kopyalanamad─▒. 3 numaral─▒ yeniden denemeye 1000 ms i├ğinde ba┼şlanacak. The process cannot access the file 'C:\Users\kursa\.gemini\antigravity\scratch\HousingEstateManagement\HousingEstateManagement.API\bin\Debug\net9.0\HousingEstateManagement.Application.dll' because it is being used by another process. Dosya ┼şunun taraf─▒ndan kilitlendi: "HousingEstateManagement.API (1440)" [C:\Users\kursa\.gemini\antigravity\scratch\HousingEstateManagement\HousingEstateManagement.API\HousingEstateManagement.API.csproj]
C:\Program Files\dotnet\sdk\9.0.203\Microsoft.Common.CurrentVersion.targets(5063,5): warning MSB3026: "C:\Users\kursa\.gemini\antigravity\scratch\HousingEstateManagement\HousingEstateManagement.Infrastructure\bin\Debug\net9.0\HousingEstateManagement.Infrastructure.dll", "bin\Debug\net9.0\HousingEstateManagement.Infrastructure.dll" ├╝zerine kopyalanamad─▒. 3 numaral─▒ yeniden denemeye 1000 ms i├ğinde ba┼şlanacak. The process cannot access the file 'C:\Users\kursa\.gemini\antigravity\scratch\HousingEstateManagement\HousingEstateManagement.API\bin\Debug\net9.0\HousingEstateManagement.Infrastructure.dll' because it is being used by another process. Dosya ┼şunun taraf─▒ndan kilitlendi: "HousingEstateManagement.API (1440)" [C:\Users\kursa\.gemini\antigravity\scratch\HousingEstateManagement\HousingEstateManagement.API\HousingEstateManagement.API.csproj]
C:\Program Files\dotnet\sdk\9.0.203\Microsoft.Common.CurrentVersion.targets(5063,5): warning MSB3026: "C:\Users\kursa\.gemini\antigravity\scratch\HousingEstateManagement\HousingEstateManagement.Domain\bin\Debug\net9.0\HousingEstateManagement.Domain.dll", "bin\Debug\net9.0\HousingEstateManagement.Domain.dll" ├╝zerine kopyalanamad─▒. 3 numaral─▒ yeniden denemeye 1000 ms i├ğinde ba┼şlanacak. The process cannot access the file 'C:\Users\kursa\.gemini\antigravity\scratch\HousingEstateManagement\HousingEstateManagement.API\bin\Debug\net9.0\HousingEstateManagement.Domain.dll' because it is being used by another process. Dosya ┼şunun taraf─▒ndan kilitlendi: "HousingEstateManagement.API (1440)" [C:\Users\kursa\.gemini\antigravity\scratch\HousingEstateManagement\HousingEstateManagement.API\HousingEstateManagement.API.csproj]
C:\Program Files\dotnet\sdk\9.0.203\Microsoft.Common.CurrentVersion.targets(5063,5): warning MSB3026: "C:\Users\kursa\.gemini\antigravity\scratch\HousingEstateManagement\HousingEstateManagement.Application\bin\Debug\net9.0\HousingEstateManagement.Application.dll", "bin\Debug\net9.0\HousingEstateManagement.Application.dll" ├╝zerine kopyalanamad─▒. 4 numaral─▒ yeniden denemeye 1000 ms i├ğinde ba┼şlanacak. The process cannot access the file 'C:\Users\kursa\.gemini\antigravity\scratch\HousingEstateManagement\HousingEstateManagement.API\bin\Debug\net9.0\HousingEstateManagement.Application.dll' because it is being used by another process. Dosya ┼şunun taraf─▒ndan kilitlendi: "HousingEstateManagement.API (1440)" [C:\Users\kursa\.gemini\antigravity\scratch\HousingEstateManagement\HousingEstateManagement.API\HousingEstateManagement.API.csproj]
C:\Program Files\dotnet\sdk\9.0.203\Microsoft.Common.CurrentVersion.targets(5063,5): warning MSB3026: "C:\Users\kursa\.gemini\antigravity\scratch\HousingEstateManagement\HousingEstateManagement.Domain\bin\Debug\net9.0\HousingEstateManagement.Domain.dll", "bin\Debug\net9.0\HousingEstateManagement.Domain.dll" ├╝zerine kopyalanamad─▒. 4 numaral─▒ yeniden denemeye 1000 ms i├ğinde ba┼şlanacak. The process cannot access the file 'C:\Users\kursa\.gemini\antigravity\scratch\HousingEstateManagement\HousingEstateManagement.API\bin\Debug\net9.0\HousingEstateManagement.Domain.dll' because it is being used by another process. Dosya ┼şunun taraf─▒ndan kilitlendi: "HousingEstateManagement.API (1440)" [C:\Users\kursa\.gemini\antigravity\scratch\HousingEstateManagement\HousingEstateManagement.API\HousingEstateManagement.API.csproj]
C:\Program Files\dotnet\sdk\9.0.203\Microsoft.Common.CurrentVersion.targets(5063,5): warning MSB3026: "C:\Users\kursa\.gemini\antigravity\scratch\HousingEstateManagement\HousingEstateManagement.Infrastructure\bin\Debug\net9.0\HousingEstateManagement.Infrastructure.dll", "bin\Debug\net9.0\HousingEstateManagement.Infrastructure.dll" ├╝zerine kopyalanamad─▒. 4 numaral─▒ yeniden denemeye 1000 ms i├ğinde ba┼şlanacak. The process cannot access the file 'C:\Users\kursa\.gemini\antigravity\scratch\HousingEstateManagement\HousingEstateManagement.API\bin\Debug\net9.0\HousingEstateManagement.Infrastructure.dll' because it is being used by another process. Dosya ┼şunun taraf─▒ndan kilitlendi: "HousingEstateManagement.API (1440)" [C:\Users\kursa\.gemini\antigravity\scratch\HousingEstateManagement\HousingEstateManagement.API\HousingEstateManagement.API.csproj]
C:\Program Files\dotnet\sdk\9.0.203\Microsoft.Common.CurrentVersion.targets(5063,5): warning MSB3026: "C:\Users\kursa\.gemini\antigravity\scratch\HousingEstateManagement\HousingEstateManagement.Application\bin\Debug\net9.0\HousingEstateManagement.Application.dll", "bin\Debug\net9.0\HousingEstateManagement.Application.dll" ├╝zerine kopyalanamad─▒. 5 numaral─▒ yeniden denemeye 1000 ms i├ğinde ba┼şlanacak. The process cannot access the file 'C:\Users\kursa\.gemini\antigravity\scratch\HousingEstateManagement\HousingEstateManagement.API\bin\Debug\net9.0\HousingEstateManagement.Application.dll' because it is being used by another process. Dosya ┼şunun taraf─▒ndan kilitlendi: "HousingEstateManagement.API (1440)" [C:\Users\kursa\.gemini\antigravity\scratch\HousingEstateManagement\HousingEstateManagement.API\HousingEstateManagement.API.csproj]
C:\Program Files\dotnet\sdk\9.0.203\Microsoft.Common.CurrentVersion.targets(5063,5): warning MSB3026: "C:\Users\kursa\.gemini\antigravity\scratch\HousingEstateManagement\HousingEstateManagement.Domain\bin\Debug\net9.0\HousingEstateManagement.Domain.dll", "bin\Debug\net9.0\HousingEstateManagement.Domain.dll" ├╝zerine kopyalanamad─▒. 5 numaral─▒ yeniden denemeye 1000 ms i├ğinde ba┼şlanacak. The process cannot access the file 'C:\Users\kursa\.gemini\antigravity\scratch\HousingEstateManagement\HousingEstateManagement.API\bin\Debug\net9.0\HousingEstateManagement.Domain.dll' because it is being used by another process. Dosya ┼şunun taraf─▒ndan kilitlendi: "HousingEstateManagement.API (1440)" [C:\Users\kursa\.gemini\antigravity\scratch\HousingEstateManagement\HousingEstateManagement.API\HousingEstateManagement.API.csproj]
C:\Program Files\dotnet\sdk\9.0.203\Microsoft.Common.CurrentVersion.targets(5063,5): warning MSB3026: "C:\Users\kursa\.gemini\antigravity\scratch\HousingEstateManagement\HousingEstateManagement.Infrastructure\bin\Debug\net9.0\HousingEstateManagement.Infrastructure.dll", "bin\Debug\net9.0\HousingEstateManagement.Infrastructure.dll" ├╝zerine kopyalanamad─▒. 5 numaral─▒ yeniden denemeye 1000 ms i├ğinde ba┼şlanacak. The process cannot access the file 'C:\Users\kursa\.gemini\antigravity\scratch\HousingEstateManagement\HousingEstateManagement.API\bin\Debug\net9.0\HousingEstateManagement.Infrastructure.dll' because it is being used by another process. Dosya ┼şunun taraf─▒ndan kilitlendi: "HousingEstateManagement.API (1440)" [C:\Users\kursa\.gemini\antigravity\scratch\HousingEstateManagement\HousingEstateManagement.API\HousingEstateManagement.API.csproj]
C:\Program Files\dotnet\sdk\9.0.203\Microsoft.Common.CurrentVersion.targets(5063,5): warning MSB3026: "C:\Users\kursa\.gemini\antigravity\scratch\HousingEstateManagement\HousingEstateManagement.Application\bin\Debug\net9.0\HousingEstateManagement.Application.dll", "bin\Debug\net9.0\HousingEstateManagement.Application.dll" ├╝zerine kopyalanamad─▒. 6 numaral─▒ yeniden denemeye 1000 ms i├ğinde ba┼şlanacak. The process cannot access the file 'C:\Users\kursa\.gemini\antigravity\scratch\HousingEstateManagement\HousingEstateManagement.API\bin\Debug\net9.0\HousingEstateManagement.Application.dll' because it is being used by another process. Dosya ┼şunun taraf─▒ndan kilitlendi: "HousingEstateManagement.API (1440)" [C:\Users\kursa\.gemini\antigravity\scratch\HousingEstateManagement\HousingEstateManagement.API\HousingEstateManagement.API.csproj]
C:\Program Files\dotnet\sdk\9.0.203\Microsoft.Common.CurrentVersion.targets(5063,5): warning MSB3026: "C:\Users\kursa\.gemini\antigravity\scratch\HousingEstateManagement\HousingEstateManagement.Domain\bin\Debug\net9.0\HousingEstateManagement.Domain.dll", "bin\Debug\net9.0\HousingEstateManagement.Domain.dll" ├╝zerine kopyalanamad─▒. 6 numaral─▒ yeniden denemeye 1000 ms i├ğinde ba┼şlanacak. The process cannot access the file 'C:\Users\kursa\.gemini\antigravity\scratch\HousingEstateManagement\HousingEstateManagement.API\bin\Debug\net9.0\HousingEstateManagement.Domain.dll' because it is being used by another process. Dosya ┼şunun taraf─▒ndan kilitlendi: "HousingEstateManagement.API (1440)" [C:\Users\kursa\.gemini\antigravity\scratch\HousingEstateManagement\HousingEstateManagement.API\HousingEstateManagement.API.csproj]
C:\Program Files\dotnet\sdk\9.0.203\Microsoft.Common.CurrentVersion.targets(5063,5): warning MSB3026: "C:\Users\kursa\.gemini\antigravity\scratch\HousingEstateManagement\HousingEstateManagement.Infrastructure\bin\Debug\net9.0\HousingEstateManagement.Infrastructure.dll", "bin\Debug\net9.0\HousingEstateManagement.Infrastructure.dll" ├╝zerine kopyalanamad─▒. 6 numaral─▒ yeniden denemeye 1000 ms i├ğinde ba┼şlanacak. The process cannot access the file 'C:\Users\kursa\.gemini\antigravity\scratch\HousingEstateManagement\HousingEstateManagement.API\bin\Debug\net9.0\HousingEstateManagement.Infrastructure.dll' because it is being used by another process. Dosya ┼şunun taraf─▒ndan kilitlendi: "HousingEstateManagement.API (1440)" [C:\Users\kursa\.gemini\antigravity\scratch\HousingEstateManagement\HousingEstateManagement.API\HousingEstateManagement.API.csproj]
C:\Program Files\dotnet\sdk\9.0.203\Microsoft.Common.CurrentVersion.targets(5063,5): warning MSB3026: "C:\Users\kursa\.gemini\antigravity\scratch\HousingEstateManagement\HousingEstateManagement.Application\bin\Debug\net9.0\HousingEstateManagement.Application.dll", "bin\Debug\net9.0\HousingEstateManagement.Application.dll" ├╝zerine kopyalanamad─▒. 7 numaral─▒ yeniden denemeye 1000 ms i├ğinde ba┼şlanacak. The process cannot access the file 'C:\Users\kursa\.gemini\antigravity\scratch\HousingEstateManagement\HousingEstateManagement.API\bin\Debug\net9.0\HousingEstateManagement.Application.dll' because it is being used by another process. Dosya ┼şunun taraf─▒ndan kilitlendi: "HousingEstateManagement.API (1440)" [C:\Users\kursa\.gemini\antigravity\scratch\HousingEstateManagement\HousingEstateManagement.API\HousingEstateManagement.API.csproj]
C:\Program Files\dotnet\sdk\9.0.203\Microsoft.Common.CurrentVersion.targets(5063,5): warning MSB3026: "C:\Users\kursa\.gemini\antigravity\scratch\HousingEstateManagement\HousingEstateManagement.Infrastructure\bin\Debug\net9.0\HousingEstateManagement.Infrastructure.dll", "bin\Debug\net9.0\HousingEstateManagement.Infrastructure.dll" ├╝zerine kopyalanamad─▒. 7 numaral─▒ yeniden denemeye 1000 ms i├ğinde ba┼şlanacak. The process cannot access the file 'C:\Users\kursa\.gemini\antigravity\scratch\HousingEstateManagement\HousingEstateManagement.API\bin\Debug\net9.0\HousingEstateManagement.Infrastructure.dll' because it is being used by another process. Dosya ┼şunun taraf─▒ndan kilitlendi: "HousingEstateManagement.API (1440)" [C:\Users\kursa\.gemini\antigravity\scratch\HousingEstateManagement\HousingEstateManagement.API\HousingEstateManagement.API.csproj]
C:\Program Files\dotnet\sdk\9.0.203\Microsoft.Common.CurrentVersion.targets(5063,5): warning MSB3026: "C:\Users\kursa\.gemini\antigravity\scratch\HousingEstateManagement\HousingEstateManagement.Domain\bin\Debug\net9.0\HousingEstateManagement.Domain.dll", "bin\Debug\net9.0\HousingEstateManagement.Domain.dll" ├╝zerine kopyalanamad─▒. 7 numaral─▒ yeniden denemeye 1000 ms i├ğinde ba┼şlanacak. The process cannot access the file 'C:\Users\kursa\.gemini\antigravity\scratch\HousingEstateManagement\HousingEstateManagement.API\bin\Debug\net9.0\HousingEstateManagement.Domain.dll' because it is being used by another process. Dosya ┼şunun taraf─▒ndan kilitlendi: "HousingEstateManagement.API (1440)" [C:\Users\kursa\.gemini\antigravity\scratch\HousingEstateManagement\HousingEstateManagement.API\HousingEstateManagement.API.csproj]
C:\Program Files\dotnet\sdk\9.0.203\Microsoft.Common.CurrentVersion.targets(5063,5): warning MSB3026: "C:\Users\kursa\.gemini\antigravity\scratch\HousingEstateManagement\HousingEstateManagement.Application\bin\Debug\net9.0\HousingEstateManagement.Application.dll", "bin\Debug\net9.0\HousingEstateManagement.Application.dll" ├╝zerine kopyalanamad─▒. 8 numaral─▒ yeniden denemeye 1000 ms i├ğinde ba┼şlanacak. The process cannot access the file 'C:\Users\kursa\.gemini\antigravity\scratch\HousingEstateManagement\HousingEstateManagement.API\bin\Debug\net9.0\HousingEstateManagement.Application.dll' because it is being used by another process. Dosya ┼şunun taraf─▒ndan kilitlendi: "HousingEstateManagement.API (1440)" [C:\Users\kursa\.gemini\antigravity\scratch\HousingEstateManagement\HousingEstateManagement.API\HousingEstateManagement.API.csproj]
C:\Program Files\dotnet\sdk\9.0.203\Microsoft.Common.CurrentVersion.targets(5063,5): warning MSB3026: "C:\Users\kursa\.gemini\antigravity\scratch\HousingEstateManagement\HousingEstateManagement.Infrastructure\bin\Debug\net9.0\HousingEstateManagement.Infrastructure.dll", "bin\Debug\net9.0\HousingEstateManagement.Infrastructure.dll" ├╝zerine kopyalanamad─▒. 8 numaral─▒ yeniden denemeye 1000 ms i├ğinde ba┼şlanacak. The process cannot access the file 'C:\Users\kursa\.gemini\antigravity\scratch\HousingEstateManagement\HousingEstateManagement.API\bin\Debug\net9.0\HousingEstateManagement.Infrastructure.dll' because it is being used by another process. Dosya ┼şunun taraf─▒ndan kilitlendi: "HousingEstateManagement.API (1440)" [C:\Users\kursa\.gemini\antigravity\scratch\HousingEstateManagement\HousingEstateManagement.API\HousingEstateManagement.API.csproj]
C:\Program Files\dotnet\sdk\9.0.203\Microsoft.Common.CurrentVersion.targets(5063,5): warning MSB3026: "C:\Users\kursa\.gemini\antigravity\scratch\HousingEstateManagement\HousingEstateManagement.Domain\bin\Debug\net9.0\HousingEstateManagement.Domain.dll", "bin\Debug\net9.0\HousingEstateManagement.Domain.dll" ├╝zerine kopyalanamad─▒. 8 numaral─▒ yeniden denemeye 1000 ms i├ğinde ba┼şlanacak. The process cannot access the file 'C:\Users\kursa\.gemini\antigravity\scratch\HousingEstateManagement\HousingEstateManagement.API\bin\Debug\net9.0\HousingEstateManagement.Domain.dll' because it is being used by another process. Dosya ┼şunun taraf─▒ndan kilitlendi: "HousingEstateManagement.API (1440)" [C:\Users\kursa\.gemini\antigravity\scratch\HousingEstateManagement\HousingEstateManagement.API\HousingEstateManagement.API.csproj]
C:\Program Files\dotnet\sdk\9.0.203\Microsoft.Common.CurrentVersion.targets(5063,5): warning MSB3026: "C:\Users\kursa\.gemini\antigravity\scratch\HousingEstateManagement\HousingEstateManagement.Application\bin\Debug\net9.0\HousingEstateManagement.Application.dll", "bin\Debug\net9.0\HousingEstateManagement.Application.dll" ├╝zerine kopyalanamad─▒. 9 numaral─▒ yeniden denemeye 1000 ms i├ğinde ba┼şlanacak. The process cannot access the file 'C:\Users\kursa\.gemini\antigravity\scratch\HousingEstateManagement\HousingEstateManagement.API\bin\Debug\net9.0\HousingEstateManagement.Application.dll' because it is being used by another process. Dosya ┼şunun taraf─▒ndan kilitlendi: "HousingEstateManagement.API (1440)" [C:\Users\kursa\.gemini\antigravity\scratch\HousingEstateManagement\HousingEstateManagement.API\HousingEstateManagement.API.csproj]
C:\Program Files\dotnet\sdk\9.0.203\Microsoft.Common.CurrentVersion.targets(5063,5): warning MSB3026: "C:\Users\kursa\.gemini\antigravity\scratch\HousingEstateManagement\HousingEstateManagement.Infrastructure\bin\Debug\net9.0\HousingEstateManagement.Infrastructure.dll", "bin\Debug\net9.0\HousingEstateManagement.Infrastructure.dll" ├╝zerine kopyalanamad─▒. 9 numaral─▒ yeniden denemeye 1000 ms i├ğinde ba┼şlanacak. The process cannot access the file 'C:\Users\kursa\.gemini\antigravity\scratch\HousingEstateManagement\HousingEstateManagement.API\bin\Debug\net9.0\HousingEstateManagement.Infrastructure.dll' because it is being used by another process. Dosya ┼şunun taraf─▒ndan kilitlendi: "HousingEstateManagement.API (1440)" [C:\Users\kursa\.gemini\antigravity\scratch\HousingEstateManagement\HousingEstateManagement.API\HousingEstateManagement.API.csproj]
C:\Program Files\dotnet\sdk\9.0.203\Microsoft.Common.CurrentVersion.targets(5063,5): warning MSB3026: "C:\Users\kursa\.gemini\antigravity\scratch\HousingEstateManagement\HousingEstateManagement.Domain\bin\Debug\net9.0\HousingEstateManagement.Domain.dll", "bin\Debug\net9.0\HousingEstateManagement.Domain.dll" ├╝zerine kopyalanamad─▒. 9 numaral─▒ yeniden denemeye 1000 ms i├ğinde ba┼şlanacak. The process cannot access the file 'C:\Users\kursa\.gemini\antigravity\scratch\HousingEstateManagement\HousingEstateManagement.API\bin\Debug\net9.0\HousingEstateManagement.Domain.dll' because it is being used by another process. Dosya ┼şunun taraf─▒ndan kilitlendi: "HousingEstateManagement.API (1440)" [C:\Users\kursa\.gemini\antigravity\scratch\HousingEstateManagement\HousingEstateManagement.API\HousingEstateManagement.API.csproj]
C:\Program Files\dotnet\sdk\9.0.203\Microsoft.Common.CurrentVersion.targets(5063,5): warning MSB3026: "C:\Users\kursa\.gemini\antigravity\scratch\HousingEstateManagement\HousingEstateManagement.Application\bin\Debug\net9.0\HousingEstateManagement.Application.dll", "bin\Debug\net9.0\HousingEstateManagement.Application.dll" ├╝zerine kopyalanamad─▒. 10 numaral─▒ yeniden denemeye 1000 ms i├ğinde ba┼şlanacak. The process cannot access the file 'C:\Users\kursa\.gemini\antigravity\scratch\HousingEstateManagement\HousingEstateManagement.API\bin\Debug\net9.0\HousingEstateManagement.Application.dll' because it is being used by another process. Dosya ┼şunun taraf─▒ndan kilitlendi: "HousingEstateManagement.API (1440)" [C:\Users\kursa\.gemini\antigravity\scratch\HousingEstateManagement\HousingEstateManagement.API\HousingEstateManagement.API.csproj]
C:\Program Files\dotnet\sdk\9.0.203\Microsoft.Common.CurrentVersion.targets(5063,5): warning MSB3026: "C:\Users\kursa\.gemini\antigravity\scratch\HousingEstateManagement\HousingEstateManagement.Infrastructure\bin\Debug\net9.0\HousingEstateManagement.Infrastructure.dll", "bin\Debug\net9.0\HousingEstateManagement.Infrastructure.dll" ├╝zerine kopyalanamad─▒. 10 numaral─▒ yeniden denemeye 1000 ms i├ğinde ba┼şlanacak. The process cannot access the file 'C:\Users\kursa\.gemini\antigravity\scratch\HousingEstateManagement\HousingEstateManagement.API\bin\Debug\net9.0\HousingEstateManagement.Infrastructure.dll' because it is being used by another process. Dosya ┼şunun taraf─▒ndan kilitlendi: "HousingEstateManagement.API (1440)" [C:\Users\kursa\.gemini\antigravity\scratch\HousingEstateManagement\HousingEstateManagement.API\HousingEstateManagement.API.csproj]
C:\Program Files\dotnet\sdk\9.0.203\Microsoft.Common.CurrentVersion.targets(5063,5): warning MSB3026: "C:\Users\kursa\.gemini\antigravity\scratch\HousingEstateManagement\HousingEstateManagement.Domain\bin\Debug\net9.0\HousingEstateManagement.Domain.dll", "bin\Debug\net9.0\HousingEstateManagement.Domain.dll" ├╝zerine kopyalanamad─▒. 10 numaral─▒ yeniden denemeye 1000 ms i├ğinde ba┼şlanacak. The process cannot access the file 'C:\Users\kursa\.gemini\antigravity\scratch\HousingEstateManagement\HousingEstateManagement.API\bin\Debug\net9.0\HousingEstateManagement.Domain.dll' because it is being used by another process. Dosya ┼şunun taraf─▒ndan kilitlendi: "HousingEstateManagement.API (1440)" [C:\Users\kursa\.gemini\antigravity\scratch\HousingEstateManagement\HousingEstateManagement.API\HousingEstateManagement.API.csproj]
C:\Program Files\dotnet\sdk\9.0.203\Microsoft.Common.CurrentVersion.targets(5063,5): error MSB3027: "C:\Users\kursa\.gemini\antigravity\scratch\HousingEstateManagement\HousingEstateManagement.Application\bin\Debug\net9.0\HousingEstateManagement.Application.dll", "bin\Debug\net9.0\HousingEstateManagement.Application.dll" ├╝zerine kopyalanamad─▒. 10 yeniden deneme say─▒s─▒ a┼ş─▒ld─▒. Ba┼şar─▒s─▒z oldu. Dosya ┼şunun taraf─▒ndan kilitlendi: "HousingEstateManagement.API (1440)" [C:\Users\kursa\.gemini\antigravity\scratch\HousingEstateManagement\HousingEstateManagement.API\HousingEstateManagement.API.csproj]
C:\Program Files\dotnet\sdk\9.0.203\Microsoft.Common.CurrentVersion.targets(5063,5): error MSB3021: "C:\Users\kursa\.gemini\antigravity\scratch\HousingEstateManagement\HousingEstateManagement.Application\bin\Debug\net9.0\HousingEstateManagement.Application.dll" dosyas─▒ "bin\Debug\net9.0\HousingEstateManagement.Application.dll" ├╝zerine kopyalanam─▒yor. The process cannot access the file 'C:\Users\kursa\.gemini\antigravity\scratch\HousingEstateManagement\HousingEstateManagement.API\bin\Debug\net9.0\HousingEstateManagement.Application.dll' because it is being used by another process. [C:\Users\kursa\.gemini\antigravity\scratch\HousingEstateManagement\HousingEstateManagement.API\HousingEstateManagement.API.csproj]
C:\Program Files\dotnet\sdk\9.0.203\Microsoft.Common.CurrentVersion.targets(5063,5): error MSB3027: "C:\Users\kursa\.gemini\antigravity\scratch\HousingEstateManagement\HousingEstateManagement.Domain\bin\Debug\net9.0\HousingEstateManagement.Domain.dll", "bin\Debug\net9.0\HousingEstateManagement.Domain.dll" ├╝zerine kopyalanamad─▒. 10 yeniden deneme say─▒s─▒ a┼ş─▒ld─▒. Ba┼şar─▒s─▒z oldu. Dosya ┼şunun taraf─▒ndan kilitlendi: "HousingEstateManagement.API (1440)" [C:\Users\kursa\.gemini\antigravity\scratch\HousingEstateManagement\HousingEstateManagement.API\HousingEstateManagement.API.csproj]
C:\Program Files\dotnet\sdk\9.0.203\Microsoft.Common.CurrentVersion.targets(5063,5): error MSB3021: "C:\Users\kursa\.gemini\antigravity\scratch\HousingEstateManagement\HousingEstateManagement.Domain\bin\Debug\net9.0\HousingEstateManagement.Domain.dll" dosyas─▒ "bin\Debug\net9.0\HousingEstateManagement.Domain.dll" ├╝zerine kopyalanam─▒yor. The process cannot access the file 'C:\Users\kursa\.gemini\antigravity\scratch\HousingEstateManagement\HousingEstateManagement.API\bin\Debug\net9.0\HousingEstateManagement.Domain.dll' because it is being used by another process. [C:\Users\kursa\.gemini\antigravity\scratch\HousingEstateManagement\HousingEstateManagement.API\HousingEstateManagement.API.csproj]
C:\Program Files\dotnet\sdk\9.0.203\Microsoft.Common.CurrentVersion.targets(5063,5): error MSB3027: "C:\Users\kursa\.gemini\antigravity\scratch\HousingEstateManagement\HousingEstateManagement.Infrastructure\bin\Debug\net9.0\HousingEstateManagement.Infrastructure.dll", "bin\Debug\net9.0\HousingEstateManagement.Infrastructure.dll" ├╝zerine kopyalanamad─▒. 10 yeniden deneme say─▒s─▒ a┼ş─▒ld─▒. Ba┼şar─▒s─▒z oldu. Dosya ┼şunun taraf─▒ndan kilitlendi: "HousingEstateManagement.API (1440)" [C:\Users\kursa\.gemini\antigravity\scratch\HousingEstateManagement\HousingEstateManagement.API\HousingEstateManagement.API.csproj]
C:\Program Files\dotnet\sdk\9.0.203\Microsoft.Common.CurrentVersion.targets(5063,5): error MSB3021: "C:\Users\kursa\.gemini\antigravity\scratch\HousingEstateManagement\HousingEstateManagement.Infrastructure\bin\Debug\net9.0\HousingEstateManagement.Infrastructure.dll" dosyas─▒ "bin\Debug\net9.0\HousingEstateManagement.Infrastructure.dll" ├╝zerine kopyalanam─▒yor. The process cannot access the file 'C:\Users\kursa\.gemini\antigravity\scratch\HousingEstateManagement\HousingEstateManagement.API\bin\Debug\net9.0\HousingEstateManagement.Infrastructure.dll' because it is being used by another process. [C:\Users\kursa\.gemini\antigravity\scratch\HousingEstateManagement\HousingEstateManagement.API\HousingEstateManagement.API.csproj]

Olu┼şturma BA┼ŞARISIZ OLDU.

C:\Users\kursa\.gemini\antigravity\scratch\HousingEstateManagement\HousingEstateManagement.Application\HousingEstateManagement.Application.csproj : warning NU1903: 'AutoMapper' 12.0.1 paketinde ├Ânem derecesi y├╝ksek olan bilinen bir https://github.com/advisories/GHSA-rvv3-g6hj-g44x g├╝venlik a├ğ─▒─ş─▒ var [C:\Users\kursa\.gemini\antigravity\scratch\HousingEstateManagement\HousingEstateManagement.API\HousingEstateManagement.API.sln]
C:\Users\kursa\.gemini\antigravity\scratch\HousingEstateManagement\HousingEstateManagement.API\HousingEstateManagement.API.csproj : warning NU1903: 'AutoMapper' 12.0.1 paketinde ├Ânem derecesi y├╝ksek olan bilinen bir https://github.com/advisories/GHSA-rvv3-g6hj-g44x g├╝venlik a├ğ─▒─ş─▒ var [C:\Users\kursa\.gemini\antigravity\scratch\HousingEstateManagement\HousingEstateManagement.API\HousingEstateManagement.API.sln]
C:\Program Files\dotnet\sdk\9.0.203\Microsoft.Common.CurrentVersion.targets(5902,5): warning MSB3061: "C:\Users\kursa\.gemini\antigravity\scratch\HousingEstateManagement\HousingEstateManagement.API\bin\Debug\net9.0\HousingEstateManagement.API.exe" dosyas─▒ silinemiyor. Access to the path 'C:\Users\kursa\.gemini\antigravity\scratch\HousingEstateManagement\HousingEstateManagement.API\bin\Debug\net9.0\HousingEstateManagement.API.exe' is denied. Dosya ┼şunun taraf─▒ndan kilitlendi: "HousingEstateManagement.API (1440)" [C:\Users\kursa\.gemini\antigravity\scratch\HousingEstateManagement\HousingEstateManagement.API\HousingEstateManagement.API.csproj]
C:\Program Files\dotnet\sdk\9.0.203\Microsoft.Common.CurrentVersion.targets(5902,5): warning MSB3061: "C:\Users\kursa\.gemini\antigravity\scratch\HousingEstateManagement\HousingEstateManagement.API\bin\Debug\net9.0\HousingEstateManagement.API.dll" dosyas─▒ silinemiyor. Access to the path 'C:\Users\kursa\.gemini\antigravity\scratch\HousingEstateManagement\HousingEstateManagement.API\bin\Debug\net9.0\HousingEstateManagement.API.dll' is denied. Dosya ┼şunun taraf─▒ndan kilitlendi: "HousingEstateManagement.API (1440)" [C:\Users\kursa\.gemini\antigravity\scratch\HousingEstateManagement\HousingEstateManagement.API\HousingEstateManagement.API.csproj]
C:\Program Files\dotnet\sdk\9.0.203\Microsoft.Common.CurrentVersion.targets(5902,5): warning MSB3061: "C:\Users\kursa\.gemini\antigravity\scratch\HousingEstateManagement\HousingEstateManagement.API\bin\Debug\net9.0\Microsoft.AspNetCore.OpenApi.dll" dosyas─▒ silinemiyor. Access to the path 'C:\Users\kursa\.gemini\antigravity\scratch\HousingEstateManagement\HousingEstateManagement.API\bin\Debug\net9.0\Microsoft.AspNetCore.OpenApi.dll' is denied. Dosya ┼şunun taraf─▒ndan kilitlendi: "HousingEstateManagement.API (1440)" [C:\Users\kursa\.gemini\antigravity\scratch\HousingEstateManagement\HousingEstateManagement.API\HousingEstateManagement.API.csproj]
C:\Program Files\dotnet\sdk\9.0.203\Microsoft.Common.CurrentVersion.targets(5902,5): warning MSB3061: "C:\Users\kursa\.gemini\antigravity\scratch\HousingEstateManagement\HousingEstateManagement.API\bin\Debug\net9.0\Microsoft.EntityFrameworkCore.dll" dosyas─▒ silinemiyor. Access to the path 'C:\Users\kursa\.gemini\antigravity\scratch\HousingEstateManagement\HousingEstateManagement.API\bin\Debug\net9.0\Microsoft.EntityFrameworkCore.dll' is denied. Dosya ┼şunun taraf─▒ndan kilitlendi: "HousingEstateManagement.API (1440)" [C:\Users\kursa\.gemini\antigravity\scratch\HousingEstateManagement\HousingEstateManagement.API\HousingEstateManagement.API.csproj]
C:\Program Files\dotnet\sdk\9.0.203\Microsoft.Common.CurrentVersion.targets(5902,5): warning MSB3061: "C:\Users\kursa\.gemini\antigravity\scratch\HousingEstateManagement\HousingEstateManagement.API\bin\Debug\net9.0\Microsoft.EntityFrameworkCore.Abstractions.dll" dosyas─▒ silinemiyor. Access to the path 'C:\Users\kursa\.gemini\antigravity\scratch\HousingEstateManagement\HousingEstateManagement.API\bin\Debug\net9.0\Microsoft.EntityFrameworkCore.Abstractions.dll' is denied. Dosya ┼şunun taraf─▒ndan kilitlendi: "HousingEstateManagement.API (1440)" [C:\Users\kursa\.gemini\antigravity\scratch\HousingEstateManagement\HousingEstateManagement.API\HousingEstateManagement.API.csproj]
C:\Program Files\dotnet\sdk\9.0.203\Microsoft.Common.CurrentVersion.targets(5902,5): warning MSB3061: "C:\Users\kursa\.gemini\antigravity\scratch\HousingEstateManagement\HousingEstateManagement.API\bin\Debug\net9.0\Microsoft.EntityFrameworkCore.Relational.dll" dosyas─▒ silinemiyor. Access to the path 'C:\Users\kursa\.gemini\antigravity\scratch\HousingEstateManagement\HousingEstateManagement.API\bin\Debug\net9.0\Microsoft.EntityFrameworkCore.Relational.dll' is denied. Dosya ┼şunun taraf─▒ndan kilitlendi: "HousingEstateManagement.API (1440)" [C:\Users\kursa\.gemini\antigravity\scratch\HousingEstateManagement\HousingEstateManagement.API\HousingEstateManagement.API.csproj]
C:\Program Files\dotnet\sdk\9.0.203\Microsoft.Common.CurrentVersion.targets(5902,5): warning MSB3061: "C:\Users\kursa\.gemini\antigravity\scratch\HousingEstateManagement\HousingEstateManagement.API\bin\Debug\net9.0\Microsoft.EntityFrameworkCore.SqlServer.dll" dosyas─▒ silinemiyor. Access to the path 'C:\Users\kursa\.gemini\antigravity\scratch\HousingEstateManagement\HousingEstateManagement.API\bin\Debug\net9.0\Microsoft.EntityFrameworkCore.SqlServer.dll' is denied. Dosya ┼şunun taraf─▒ndan kilitlendi: "HousingEstateManagement.API (1440)" [C:\Users\kursa\.gemini\antigravity\scratch\HousingEstateManagement\HousingEstateManagement.API\HousingEstateManagement.API.csproj]
C:\Program Files\dotnet\sdk\9.0.203\Microsoft.Common.CurrentVersion.targets(5902,5): warning MSB3061: "C:\Users\kursa\.gemini\antigravity\scratch\HousingEstateManagement\HousingEstateManagement.API\bin\Debug\net9.0\Microsoft.Identity.Client.dll" dosyas─▒ silinemiyor. Access to the path 'C:\Users\kursa\.gemini\antigravity\scratch\HousingEstateManagement\HousingEstateManagement.API\bin\Debug\net9.0\Microsoft.Identity.Client.dll' is denied. Dosya ┼şunun taraf─▒ndan kilitlendi: "HousingEstateManagement.API (1440)" [C:\Users\kursa\.gemini\antigravity\scratch\HousingEstateManagement\HousingEstateManagement.API\HousingEstateManagement.API.csproj]
C:\Program Files\dotnet\sdk\9.0.203\Microsoft.Common.CurrentVersion.targets(5902,5): warning MSB3061: "C:\Users\kursa\.gemini\antigravity\scratch\HousingEstateManagement\HousingEstateManagement.API\bin\Debug\net9.0\Microsoft.IdentityModel.Abstractions.dll" dosyas─▒ silinemiyor. Access to the path 'C:\Users\kursa\.gemini\antigravity\scratch\HousingEstateManagement\HousingEstateManagement.API\bin\Debug\net9.0\Microsoft.IdentityModel.Abstractions.dll' is denied. Dosya ┼şunun taraf─▒ndan kilitlendi: "HousingEstateManagement.API (1440)" [C:\Users\kursa\.gemini\antigravity\scratch\HousingEstateManagement\HousingEstateManagement.API\HousingEstateManagement.API.csproj]
C:\Program Files\dotnet\sdk\9.0.203\Microsoft.Common.CurrentVersion.targets(5902,5): warning MSB3061: "C:\Users\kursa\.gemini\antigravity\scratch\HousingEstateManagement\HousingEstateManagement.API\bin\Debug\net9.0\Microsoft.IdentityModel.JsonWebTokens.dll" dosyas─▒ silinemiyor. Access to the path 'C:\Users\kursa\.gemini\antigravity\scratch\HousingEstateManagement\HousingEstateManagement.API\bin\Debug\net9.0\Microsoft.IdentityModel.JsonWebTokens.dll' is denied. Dosya ┼şunun taraf─▒ndan kilitlendi: "HousingEstateManagement.API (1440)" [C:\Users\kursa\.gemini\antigravity\scratch\HousingEstateManagement\HousingEstateManagement.API\HousingEstateManagement.API.csproj]
C:\Program Files\dotnet\sdk\9.0.203\Microsoft.Common.CurrentVersion.targets(5902,5): warning MSB3061: "C:\Users\kursa\.gemini\antigravity\scratch\HousingEstateManagement\HousingEstateManagement.API\bin\Debug\net9.0\Microsoft.IdentityModel.Logging.dll" dosyas─▒ silinemiyor. Access to the path 'C:\Users\kursa\.gemini\antigravity\scratch\HousingEstateManagement\HousingEstateManagement.API\bin\Debug\net9.0\Microsoft.IdentityModel.Logging.dll' is denied. Dosya ┼şunun taraf─▒ndan kilitlendi: "HousingEstateManagement.API (1440)" [C:\Users\kursa\.gemini\antigravity\scratch\HousingEstateManagement\HousingEstateManagement.API\HousingEstateManagement.API.csproj]
C:\Program Files\dotnet\sdk\9.0.203\Microsoft.Common.CurrentVersion.targets(5902,5): warning MSB3061: "C:\Users\kursa\.gemini\antigravity\scratch\HousingEstateManagement\HousingEstateManagement.API\bin\Debug\net9.0\Microsoft.IdentityModel.Protocols.dll" dosyas─▒ silinemiyor. Access to the path 'C:\Users\kursa\.gemini\antigravity\scratch\HousingEstateManagement\HousingEstateManagement.API\bin\Debug\net9.0\Microsoft.IdentityModel.Protocols.dll' is denied. Dosya ┼şunun taraf─▒ndan kilitlendi: "HousingEstateManagement.API (1440)" [C:\Users\kursa\.gemini\antigravity\scratch\HousingEstateManagement\HousingEstateManagement.API\HousingEstateManagement.API.csproj]
C:\Program Files\dotnet\sdk\9.0.203\Microsoft.Common.CurrentVersion.targets(5902,5): warning MSB3061: "C:\Users\kursa\.gemini\antigravity\scratch\HousingEstateManagement\HousingEstateManagement.API\bin\Debug\net9.0\Microsoft.IdentityModel.Protocols.OpenIdConnect.dll" dosyas─▒ silinemiyor. Access to the path 'C:\Users\kursa\.gemini\antigravity\scratch\HousingEstateManagement\HousingEstateManagement.API\bin\Debug\net9.0\Microsoft.IdentityModel.Protocols.OpenIdConnect.dll' is denied. Dosya ┼şunun taraf─▒ndan kilitlendi: "HousingEstateManagement.API (1440)" [C:\Users\kursa\.gemini\antigravity\scratch\HousingEstateManagement\HousingEstateManagement.API\HousingEstateManagement.API.csproj]
C:\Program Files\dotnet\sdk\9.0.203\Microsoft.Common.CurrentVersion.targets(5902,5): warning MSB3061: "C:\Users\kursa\.gemini\antigravity\scratch\HousingEstateManagement\HousingEstateManagement.API\bin\Debug\net9.0\Microsoft.IdentityModel.Tokens.dll" dosyas─▒ silinemiyor. Access to the path 'C:\Users\kursa\.gemini\antigravity\scratch\HousingEstateManagement\HousingEstateManagement.API\bin\Debug\net9.0\Microsoft.IdentityModel.Tokens.dll' is denied. Dosya ┼şunun taraf─▒ndan kilitlendi: "HousingEstateManagement.API (1440)" [C:\Users\kursa\.gemini\antigravity\scratch\HousingEstateManagement\HousingEstateManagement.API\HousingEstateManagement.API.csproj]
C:\Program Files\dotnet\sdk\9.0.203\Microsoft.Common.CurrentVersion.targets(5902,5): warning MSB3061: "C:\Users\kursa\.gemini\antigravity\scratch\HousingEstateManagement\HousingEstateManagement.API\bin\Debug\net9.0\Microsoft.OpenApi.dll" dosyas─▒ silinemiyor. Access to the path 'C:\Users\kursa\.gemini\antigravity\scratch\HousingEstateManagement\HousingEstateManagement.API\bin\Debug\net9.0\Microsoft.OpenApi.dll' is denied. Dosya ┼şunun taraf─▒ndan kilitlendi: "HousingEstateManagement.API (1440)" [C:\Users\kursa\.gemini\antigravity\scratch\HousingEstateManagement\HousingEstateManagement.API\HousingEstateManagement.API.csproj]
C:\Program Files\dotnet\sdk\9.0.203\Microsoft.Common.CurrentVersion.targets(5902,5): warning MSB3061: "C:\Users\kursa\.gemini\antigravity\scratch\HousingEstateManagement\HousingEstateManagement.API\bin\Debug\net9.0\Microsoft.SqlServer.Server.dll" dosyas─▒ silinemiyor. Access to the path 'C:\Users\kursa\.gemini\antigravity\scratch\HousingEstateManagement\HousingEstateManagement.API\bin\Debug\net9.0\Microsoft.SqlServer.Server.dll' is denied. Dosya ┼şunun taraf─▒ndan kilitlendi: "HousingEstateManagement.API (1440)" [C:\Users\kursa\.gemini\antigravity\scratch\HousingEstateManagement\HousingEstateManagement.API\HousingEstateManagement.API.csproj]
C:\Program Files\dotnet\sdk\9.0.203\Microsoft.Common.CurrentVersion.targets(5902,5): warning MSB3061: "C:\Users\kursa\.gemini\antigravity\scratch\HousingEstateManagement\HousingEstateManagement.API\bin\Debug\net9.0\System.Configuration.ConfigurationManager.dll" dosyas─▒ silinemiyor. Access to the path 'C:\Users\kursa\.gemini\antigravity\scratch\HousingEstateManagement\HousingEstateManagement.API\bin\Debug\net9.0\System.Configuration.ConfigurationManager.dll' is denied. Dosya ┼şunun taraf─▒ndan kilitlendi: "HousingEstateManagement.API (1440)" [C:\Users\kursa\.gemini\antigravity\scratch\HousingEstateManagement\HousingEstateManagement.API\HousingEstateManagement.API.csproj]
C:\Program Files\dotnet\sdk\9.0.203\Microsoft.Common.CurrentVersion.targets(5902,5): warning MSB3061: "C:\Users\kursa\.gemini\antigravity\scratch\HousingEstateManagement\HousingEstateManagement.API\bin\Debug\net9.0\System.IdentityModel.Tokens.Jwt.dll" dosyas─▒ silinemiyor. Access to the path 'C:\Users\kursa\.gemini\antigravity\scratch\HousingEstateManagement\HousingEstateManagement.API\bin\Debug\net9.0\System.IdentityModel.Tokens.Jwt.dll' is denied. Dosya ┼şunun taraf─▒ndan kilitlendi: "HousingEstateManagement.API (1440)" [C:\Users\kursa\.gemini\antigravity\scratch\HousingEstateManagement\HousingEstateManagement.API\HousingEstateManagement.API.csproj]
C:\Program Files\dotnet\sdk\9.0.203\Microsoft.Common.CurrentVersion.targets(5902,5): warning MSB3061: "C:\Users\kursa\.gemini\antigravity\scratch\HousingEstateManagement\HousingEstateManagement.API\bin\Debug\net9.0\runtimes\win\lib\net6.0\Microsoft.Data.SqlClient.dll" dosyas─▒ silinemiyor. Access to the path 'C:\Users\kursa\.gemini\antigravity\scratch\HousingEstateManagement\HousingEstateManagement.API\bin\Debug\net9.0\runtimes\win\lib\net6.0\Microsoft.Data.SqlClient.dll' is denied. Dosya ┼şunun taraf─▒ndan kilitlendi: "HousingEstateManagement.API (1440)" [C:\Users\kursa\.gemini\antigravity\scratch\HousingEstateManagement\HousingEstateManagement.API\HousingEstateManagement.API.csproj]
C:\Program Files\dotnet\sdk\9.0.203\Microsoft.Common.CurrentVersion.targets(5902,5): warning MSB3061: "C:\Users\kursa\.gemini\antigravity\scratch\HousingEstateManagement\HousingEstateManagement.API\bin\Debug\net9.0\runtimes\win-x64\native\Microsoft.Data.SqlClient.SNI.dll" dosyas─▒ silinemiyor. Access to the path 'C:\Users\kursa\.gemini\antigravity\scratch\HousingEstateManagement\HousingEstateManagement.API\bin\Debug\net9.0\runtimes\win-x64\native\Microsoft.Data.SqlClient.SNI.dll' is denied. Dosya ┼şunun taraf─▒ndan kilitlendi: "HousingEstateManagement.API (1440)" [C:\Users\kursa\.gemini\antigravity\scratch\HousingEstateManagement\HousingEstateManagement.API\HousingEstateManagement.API.csproj]
C:\Program Files\dotnet\sdk\9.0.203\Microsoft.Common.CurrentVersion.targets(5902,5): warning MSB3061: "C:\Users\kursa\.gemini\antigravity\scratch\HousingEstateManagement\HousingEstateManagement.API\bin\Debug\net9.0\AutoMapper.dll" dosyas─▒ silinemiyor. Access to the path 'C:\Users\kursa\.gemini\antigravity\scratch\HousingEstateManagement\HousingEstateManagement.API\bin\Debug\net9.0\AutoMapper.dll' is denied. Dosya ┼şunun taraf─▒ndan kilitlendi: "HousingEstateManagement.API (1440)" [C:\Users\kursa\.gemini\antigravity\scratch\HousingEstateManagement\HousingEstateManagement.API\HousingEstateManagement.API.csproj]
C:\Program Files\dotnet\sdk\9.0.203\Microsoft.Common.CurrentVersion.targets(5902,5): warning MSB3061: "C:\Users\kursa\.gemini\antigravity\scratch\HousingEstateManagement\HousingEstateManagement.API\bin\Debug\net9.0\AutoMapper.Extensions.Microsoft.DependencyInjection.dll" dosyas─▒ silinemiyor. Access to the path 'C:\Users\kursa\.gemini\antigravity\scratch\HousingEstateManagement\HousingEstateManagement.API\bin\Debug\net9.0\AutoMapper.Extensions.Microsoft.DependencyInjection.dll' is denied. Dosya ┼şunun taraf─▒ndan kilitlendi: "HousingEstateManagement.API (1440)" [C:\Users\kursa\.gemini\antigravity\scratch\HousingEstateManagement\HousingEstateManagement.API\HousingEstateManagement.API.csproj]
C:\Program Files\dotnet\sdk\9.0.203\Microsoft.Common.CurrentVersion.targets(5902,5): warning MSB3061: "C:\Users\kursa\.gemini\antigravity\scratch\HousingEstateManagement\HousingEstateManagement.API\bin\Debug\net9.0\Microsoft.AspNetCore.Authentication.JwtBearer.dll" dosyas─▒ silinemiyor. Access to the path 'C:\Users\kursa\.gemini\antigravity\scratch\HousingEstateManagement\HousingEstateManagement.API\bin\Debug\net9.0\Microsoft.AspNetCore.Authentication.JwtBearer.dll' is denied. Dosya ┼şunun taraf─▒ndan kilitlendi: "HousingEstateManagement.API (1440)" [C:\Users\kursa\.gemini\antigravity\scratch\HousingEstateManagement\HousingEstateManagement.API\HousingEstateManagement.API.csproj]
C:\Program Files\dotnet\sdk\9.0.203\Microsoft.Common.CurrentVersion.targets(5902,5): warning MSB3061: "C:\Users\kursa\.gemini\antigravity\scratch\HousingEstateManagement\HousingEstateManagement.API\bin\Debug\net9.0\Microsoft.Extensions.Configuration.dll" dosyas─▒ silinemiyor. Access to the path 'C:\Users\kursa\.gemini\antigravity\scratch\HousingEstateManagement\HousingEstateManagement.API\bin\Debug\net9.0\Microsoft.Extensions.Configuration.dll' is denied. Dosya ┼şunun taraf─▒ndan kilitlendi: "HousingEstateManagement.API (1440)" [C:\Users\kursa\.gemini\antigravity\scratch\HousingEstateManagement\HousingEstateManagement.API\HousingEstateManagement.API.csproj]
C:\Program Files\dotnet\sdk\9.0.203\Microsoft.Common.CurrentVersion.targets(5902,5): warning MSB3061: "C:\Users\kursa\.gemini\antigravity\scratch\HousingEstateManagement\HousingEstateManagement.API\bin\Debug\net9.0\Microsoft.Extensions.Configuration.Abstractions.dll" dosyas─▒ silinemiyor. Access to the path 'C:\Users\kursa\.gemini\antigravity\scratch\HousingEstateManagement\HousingEstateManagement.API\bin\Debug\net9.0\Microsoft.Extensions.Configuration.Abstractions.dll' is denied. Dosya ┼şunun taraf─▒ndan kilitlendi: "HousingEstateManagement.API (1440)" [C:\Users\kursa\.gemini\antigravity\scratch\HousingEstateManagement\HousingEstateManagement.API\HousingEstateManagement.API.csproj]
C:\Program Files\dotnet\sdk\9.0.203\Microsoft.Common.CurrentVersion.targets(5902,5): warning MSB3061: "C:\Users\kursa\.gemini\antigravity\scratch\HousingEstateManagement\HousingEstateManagement.API\bin\Debug\net9.0\Microsoft.Extensions.Configuration.Binder.dll" dosyas─▒ silinemiyor. Access to the path 'C:\Users\kursa\.gemini\antigravity\scratch\HousingEstateManagement\HousingEstateManagement.API\bin\Debug\net9.0\Microsoft.Extensions.Configuration.Binder.dll' is denied. Dosya ┼şunun taraf─▒ndan kilitlendi: "HousingEstateManagement.API (1440)" [C:\Users\kursa\.gemini\antigravity\scratch\HousingEstateManagement\HousingEstateManagement.API\HousingEstateManagement.API.csproj]
C:\Program Files\dotnet\sdk\9.0.203\Microsoft.Common.CurrentVersion.targets(5902,5): warning MSB3061: "C:\Users\kursa\.gemini\antigravity\scratch\HousingEstateManagement\HousingEstateManagement.API\bin\Debug\net9.0\Microsoft.Extensions.Primitives.dll" dosyas─▒ silinemiyor. Access to the path 'C:\Users\kursa\.gemini\antigravity\scratch\HousingEstateManagement\HousingEstateManagement.API\bin\Debug\net9.0\Microsoft.Extensions.Primitives.dll' is denied. Dosya ┼şunun taraf─▒ndan kilitlendi: "HousingEstateManagement.API (1440)" [C:\Users\kursa\.gemini\antigravity\scratch\HousingEstateManagement\HousingEstateManagement.API\HousingEstateManagement.API.csproj]
C:\Program Files\dotnet\sdk\9.0.203\Microsoft.Common.CurrentVersion.targets(5902,5): warning MSB3061: "C:\Users\kursa\.gemini\antigravity\scratch\HousingEstateManagement\HousingEstateManagement.API\bin\Debug\net9.0\HousingEstateManagement.Application.dll" dosyas─▒ silinemiyor. Access to the path 'C:\Users\kursa\.gemini\antigravity\scratch\HousingEstateManagement\HousingEstateManagement.API\bin\Debug\net9.0\HousingEstateManagement.Application.dll' is denied. Dosya ┼şunun taraf─▒ndan kilitlendi: "HousingEstateManagement.API (1440)" [C:\Users\kursa\.gemini\antigravity\scratch\HousingEstateManagement\HousingEstateManagement.API\HousingEstateManagement.API.csproj]
C:\Program Files\dotnet\sdk\9.0.203\Microsoft.Common.CurrentVersion.targets(5902,5): warning MSB3061: "C:\Users\kursa\.gemini\antigravity\scratch\HousingEstateManagement\HousingEstateManagement.API\bin\Debug\net9.0\HousingEstateManagement.Domain.dll" dosyas─▒ silinemiyor. Access to the path 'C:\Users\kursa\.gemini\antigravity\scratch\HousingEstateManagement\HousingEstateManagement.API\bin\Debug\net9.0\HousingEstateManagement.Domain.dll' is denied. Dosya ┼şunun taraf─▒ndan kilitlendi: "HousingEstateManagement.API (1440)" [C:\Users\kursa\.gemini\antigravity\scratch\HousingEstateManagement\HousingEstateManagement.API\HousingEstateManagement.API.csproj]
C:\Program Files\dotnet\sdk\9.0.203\Microsoft.Common.CurrentVersion.targets(5902,5): warning MSB3061: "C:\Users\kursa\.gemini\antigravity\scratch\HousingEstateManagement\HousingEstateManagement.API\bin\Debug\net9.0\HousingEstateManagement.Infrastructure.dll" dosyas─▒ silinemiyor. Access to the path 'C:\Users\kursa\.gemini\antigravity\scratch\HousingEstateManagement\HousingEstateManagement.API\bin\Debug\net9.0\HousingEstateManagement.Infrastructure.dll' is denied. Dosya ┼şunun taraf─▒ndan kilitlendi: "HousingEstateManagement.API (1440)" [C:\Users\kursa\.gemini\antigravity\scratch\HousingEstateManagement\HousingEstateManagement.API\HousingEstateManagement.API.csproj]
C:\Users\kursa\.gemini\antigravity\scratch\HousingEstateManagement\HousingEstateManagement.API\HousingEstateManagement.API.csproj : warning NU1903: 'AutoMapper' 12.0.1 paketinde ├Ânem derecesi y├╝ksek olan bilinen bir https://github.com/advisories/GHSA-rvv3-g6hj-g44x g├╝venlik a├ğ─▒─ş─▒ var
C:\Users\kursa\.gemini\antigravity\scratch\HousingEstateManagement\HousingEstateManagement.Application\Services\ElectionService.cs(198,35): warning CS1998: Bu zaman uyumsuz y├Ântemde 'await' i┼şle├ğleri yok ve zaman uyumlu ├ğal─▒┼şacak. 'await' i┼şlecini kullanarak engelleyici olmayan API ├ğa─şr─▒lar─▒n─▒ beklemeyi veya 'await Task.Run(...)' kullanarak bir arka plan i┼ş par├ğac─▒─ş─▒nda CPU ba─şlant─▒l─▒ i┼ş yapmay─▒ d├╝┼ş├╝n├╝n. [C:\Users\kursa\.gemini\antigravity\scratch\HousingEstateManagement\HousingEstateManagement.Application\HousingEstateManagement.Application.csproj]
C:\Users\kursa\.gemini\antigravity\scratch\HousingEstateManagement\HousingEstateManagement.Infrastructure\Services\JwtService.cs(30,71): warning CS8604: 'byte[] Encoding.GetBytes(string s)' i├ğindeki 's' parametresi i├ğin olas─▒ null ba┼şvuru ba─ş─▒ms─▒z de─şi┼şkeni. [C:\Users\kursa\.gemini\antigravity\scratch\HousingEstateManagement\HousingEstateManagement.Infrastructure\HousingEstateManagement.Infrastructure.csproj]
C:\Users\kursa\.gemini\antigravity\scratch\HousingEstateManagement\HousingEstateManagement.Infrastructure\Repositories\ElectionRepository.cs(34,20): warning CS8603: Olas─▒ null ba┼şvuru d├Ân├╝┼ş├╝. [C:\Users\kursa\.gemini\antigravity\scratch\HousingEstateManagement\HousingEstateManagement.Infrastructure\HousingEstateManagement.Infrastructure.csproj]
C:\Users\kursa\.gemini\antigravity\scratch\HousingEstateManagement\HousingEstateManagement.API\Program.cs(52,76): warning CS8604: 'byte[] Encoding.GetBytes(string s)' i├ğindeki 's' parametresi i├ğin olas─▒ null ba┼şvuru ba─ş─▒ms─▒z de─şi┼şkeni. [C:\Users\kursa\.gemini\antigravity\scratch\HousingEstateManagement\HousingEstateManagement.API\HousingEstateManagement.API.csproj]
C:\Program Files\dotnet\sdk\9.0.203\Microsoft.Common.CurrentVersion.targets(5063,5): warning MSB3026: "C:\Users\kursa\.gemini\antigravity\scratch\HousingEstateManagement\HousingEstateManagement.Application\bin\Debug\net9.0\HousingEstateManagement.Application.dll", "bin\Debug\net9.0\HousingEstateManagement.Application.dll" ├╝zerine kopyalanamad─▒. 1 numaral─▒ yeniden denemeye 1000 ms i├ğinde ba┼şlanacak. The process cannot access the file 'C:\Users\kursa\.gemini\antigravity\scratch\HousingEstateManagement\HousingEstateManagement.API\bin\Debug\net9.0\HousingEstateManagement.Application.dll' because it is being used by another process. Dosya ┼şunun taraf─▒ndan kilitlendi: "HousingEstateManagement.API (1440)" [C:\Users\kursa\.gemini\antigravity\scratch\HousingEstateManagement\HousingEstateManagement.API\HousingEstateManagement.API.csproj]
C:\Program Files\dotnet\sdk\9.0.203\Microsoft.Common.CurrentVersion.targets(5063,5): warning MSB3026: "C:\Users\kursa\.gemini\antigravity\scratch\HousingEstateManagement\HousingEstateManagement.Domain\bin\Debug\net9.0\HousingEstateManagement.Domain.dll", "bin\Debug\net9.0\HousingEstateManagement.Domain.dll" ├╝zerine kopyalanamad─▒. 1 numaral─▒ yeniden denemeye 1000 ms i├ğinde ba┼şlanacak. The process cannot access the file 'C:\Users\kursa\.gemini\antigravity\scratch\HousingEstateManagement\HousingEstateManagement.API\bin\Debug\net9.0\HousingEstateManagement.Domain.dll' because it is being used by another process. Dosya ┼şunun taraf─▒ndan kilitlendi: "HousingEstateManagement.API (1440)" [C:\Users\kursa\.gemini\antigravity\scratch\HousingEstateManagement\HousingEstateManagement.API\HousingEstateManagement.API.csproj]
C:\Program Files\dotnet\sdk\9.0.203\Microsoft.Common.CurrentVersion.targets(5063,5): warning MSB3026: "C:\Users\kursa\.gemini\antigravity\scratch\HousingEstateManagement\HousingEstateManagement.Infrastructure\bin\Debug\net9.0\HousingEstateManagement.Infrastructure.dll", "bin\Debug\net9.0\HousingEstateManagement.Infrastructure.dll" ├╝zerine kopyalanamad─▒. 1 numaral─▒ yeniden denemeye 1000 ms i├ğinde ba┼şlanacak. The process cannot access the file 'C:\Users\kursa\.gemini\antigravity\scratch\HousingEstateManagement\HousingEstateManagement.API\bin\Debug\net9.0\HousingEstateManagement.Infrastructure.dll' because it is being used by another process. Dosya ┼şunun taraf─▒ndan kilitlendi: "HousingEstateManagement.API (1440)" [C:\Users\kursa\.gemini\antigravity\scratch\HousingEstateManagement\HousingEstateManagement.API\HousingEstateManagement.API.csproj]
C:\Program Files\dotnet\sdk\9.0.203\Microsoft.Common.CurrentVersion.targets(5063,5): warning MSB3026: "C:\Users\kursa\.gemini\antigravity\scratch\HousingEstateManagement\HousingEstateManagement.Application\bin\Debug\net9.0\HousingEstateManagement.Application.dll", "bin\Debug\net9.0\HousingEstateManagement.Application.dll" ├╝zerine kopyalanamad─▒. 2 numaral─▒ yeniden denemeye 1000 ms i├ğinde ba┼şlanacak. The process cannot access the file 'C:\Users\kursa\.gemini\antigravity\scratch\HousingEstateManagement\HousingEstateManagement.API\bin\Debug\net9.0\HousingEstateManagement.Application.dll' because it is being used by another process. Dosya ┼şunun taraf─▒ndan kilitlendi: "HousingEstateManagement.API (1440)" [C:\Users\kursa\.gemini\antigravity\scratch\HousingEstateManagement\HousingEstateManagement.API\HousingEstateManagement.API.csproj]
C:\Program Files\dotnet\sdk\9.0.203\Microsoft.Common.CurrentVersion.targets(5063,5): warning MSB3026: "C:\Users\kursa\.gemini\antigravity\scratch\HousingEstateManagement\HousingEstateManagement.Domain\bin\Debug\net9.0\HousingEstateManagement.Domain.dll", "bin\Debug\net9.0\HousingEstateManagement.Domain.dll" ├╝zerine kopyalanamad─▒. 2 numaral─▒ yeniden denemeye 1000 ms i├ğinde ba┼şlanacak. The process cannot access the file 'C:\Users\kursa\.gemini\antigravity\scratch\HousingEstateManagement\HousingEstateManagement.API\bin\Debug\net9.0\HousingEstateManagement.Domain.dll' because it is being used by another process. Dosya ┼şunun taraf─▒ndan kilitlendi: "HousingEstateManagement.API (1440)" [C:\Users\kursa\.gemini\antigravity\scratch\HousingEstateManagement\HousingEstateManagement.API\HousingEstateManagement.API.csproj]
C:\Program Files\dotnet\sdk\9.0.203\Microsoft.Common.CurrentVersion.targets(5063,5): warning MSB3026: "C:\Users\kursa\.gemini\antigravity\scratch\HousingEstateManagement\HousingEstateManagement.Infrastructure\bin\Debug\net9.0\HousingEstateManagement.Infrastructure.dll", "bin\Debug\net9.0\HousingEstateManagement.Infrastructure.dll" ├╝zerine kopyalanamad─▒. 2 numaral─▒ yeniden denemeye 1000 ms i├ğinde ba┼şlanacak. The process cannot access the file 'C:\Users\kursa\.gemini\antigravity\scratch\HousingEstateManagement\HousingEstateManagement.API\bin\Debug\net9.0\HousingEstateManagement.Infrastructure.dll' because it is being used by another process. Dosya ┼şunun taraf─▒ndan kilitlendi: "HousingEstateManagement.API (1440)" [C:\Users\kursa\.gemini\antigravity\scratch\HousingEstateManagement\HousingEstateManagement.API\HousingEstateManagement.API.csproj]
C:\Program Files\dotnet\sdk\9.0.203\Microsoft.Common.CurrentVersion.targets(5063,5): warning MSB3026: "C:\Users\kursa\.gemini\antigravity\scratch\HousingEstateManagement\HousingEstateManagement.Application\bin\Debug\net9.0\HousingEstateManagement.Application.dll", "bin\Debug\net9.0\HousingEstateManagement.Application.dll" ├╝zerine kopyalanamad─▒. 3 numaral─▒ yeniden denemeye 1000 ms i├ğinde ba┼şlanacak. The process cannot access the file 'C:\Users\kursa\.gemini\antigravity\scratch\HousingEstateManagement\HousingEstateManagement.API\bin\Debug\net9.0\HousingEstateManagement.Application.dll' because it is being used by another process. Dosya ┼şunun taraf─▒ndan kilitlendi: "HousingEstateManagement.API (1440)" [C:\Users\kursa\.gemini\antigravity\scratch\HousingEstateManagement\HousingEstateManagement.API\HousingEstateManagement.API.csproj]
C:\Program Files\dotnet\sdk\9.0.203\Microsoft.Common.CurrentVersion.targets(5063,5): warning MSB3026: "C:\Users\kursa\.gemini\antigravity\scratch\HousingEstateManagement\HousingEstateManagement.Infrastructure\bin\Debug\net9.0\HousingEstateManagement.Infrastructure.dll", "bin\Debug\net9.0\HousingEstateManagement.Infrastructure.dll" ├╝zerine kopyalanamad─▒. 3 numaral─▒ yeniden denemeye 1000 ms i├ğinde ba┼şlanacak. The process cannot access the file 'C:\Users\kursa\.gemini\antigravity\scratch\HousingEstateManagement\HousingEstateManagement.API\bin\Debug\net9.0\HousingEstateManagement.Infrastructure.dll' because it is being used by another process. Dosya ┼şunun taraf─▒ndan kilitlendi: "HousingEstateManagement.API (1440)" [C:\Users\kursa\.gemini\antigravity\scratch\HousingEstateManagement\HousingEstateManagement.API\HousingEstateManagement.API.csproj]
C:\Program Files\dotnet\sdk\9.0.203\Microsoft.Common.CurrentVersion.targets(5063,5): warning MSB3026: "C:\Users\kursa\.gemini\antigravity\scratch\HousingEstateManagement\HousingEstateManagement.Domain\bin\Debug\net9.0\HousingEstateManagement.Domain.dll", "bin\Debug\net9.0\HousingEstateManagement.Domain.dll" ├╝zerine kopyalanamad─▒. 3 numaral─▒ yeniden denemeye 1000 ms i├ğinde ba┼şlanacak. The process cannot access the file 'C:\Users\kursa\.gemini\antigravity\scratch\HousingEstateManagement\HousingEstateManagement.API\bin\Debug\net9.0\HousingEstateManagement.Domain.dll' because it is being used by another process. Dosya ┼şunun taraf─▒ndan kilitlendi: "HousingEstateManagement.API (1440)" [C:\Users\kursa\.gemini\antigravity\scratch\HousingEstateManagement\HousingEstateManagement.API\HousingEstateManagement.API.csproj]
C:\Program Files\dotnet\sdk\9.0.203\Microsoft.Common.CurrentVersion.targets(5063,5): warning MSB3026: "C:\Users\kursa\.gemini\antigravity\scratch\HousingEstateManagement\HousingEstateManagement.Application\bin\Debug\net9.0\HousingEstateManagement.Application.dll", "bin\Debug\net9.0\HousingEstateManagement.Application.dll" ├╝zerine kopyalanamad─▒. 4 numaral─▒ yeniden denemeye 1000 ms i├ğinde ba┼şlanacak. The process cannot access the file 'C:\Users\kursa\.gemini\antigravity\scratch\HousingEstateManagement\HousingEstateManagement.API\bin\Debug\net9.0\HousingEstateManagement.Application.dll' because it is being used by another process. Dosya ┼şunun taraf─▒ndan kilitlendi: "HousingEstateManagement.API (1440)" [C:\Users\kursa\.gemini\antigravity\scratch\HousingEstateManagement\HousingEstateManagement.API\HousingEstateManagement.API.csproj]
C:\Program Files\dotnet\sdk\9.0.203\Microsoft.Common.CurrentVersion.targets(5063,5): warning MSB3026: "C:\Users\kursa\.gemini\antigravity\scratch\HousingEstateManagement\HousingEstateManagement.Domain\bin\Debug\net9.0\HousingEstateManagement.Domain.dll", "bin\Debug\net9.0\HousingEstateManagement.Domain.dll" ├╝zerine kopyalanamad─▒. 4 numaral─▒ yeniden denemeye 1000 ms i├ğinde ba┼şlanacak. The process cannot access the file 'C:\Users\kursa\.gemini\antigravity\scratch\HousingEstateManagement\HousingEstateManagement.API\bin\Debug\net9.0\HousingEstateManagement.Domain.dll' because it is being used by another process. Dosya ┼şunun taraf─▒ndan kilitlendi: "HousingEstateManagement.API (1440)" [C:\Users\kursa\.gemini\antigravity\scratch\HousingEstateManagement\HousingEstateManagement.API\HousingEstateManagement.API.csproj]
C:\Program Files\dotnet\sdk\9.0.203\Microsoft.Common.CurrentVersion.targets(5063,5): warning MSB3026: "C:\Users\kursa\.gemini\antigravity\scratch\HousingEstateManagement\HousingEstateManagement.Infrastructure\bin\Debug\net9.0\HousingEstateManagement.Infrastructure.dll", "bin\Debug\net9.0\HousingEstateManagement.Infrastructure.dll" ├╝zerine kopyalanamad─▒. 4 numaral─▒ yeniden denemeye 1000 ms i├ğinde ba┼şlanacak. The process cannot access the file 'C:\Users\kursa\.gemini\antigravity\scratch\HousingEstateManagement\HousingEstateManagement.API\bin\Debug\net9.0\HousingEstateManagement.Infrastructure.dll' because it is being used by another process. Dosya ┼şunun taraf─▒ndan kilitlendi: "HousingEstateManagement.API (1440)" [C:\Users\kursa\.gemini\antigravity\scratch\HousingEstateManagement\HousingEstateManagement.API\HousingEstateManagement.API.csproj]
C:\Program Files\dotnet\sdk\9.0.203\Microsoft.Common.CurrentVersion.targets(5063,5): warning MSB3026: "C:\Users\kursa\.gemini\antigravity\scratch\HousingEstateManagement\HousingEstateManagement.Application\bin\Debug\net9.0\HousingEstateManagement.Application.dll", "bin\Debug\net9.0\HousingEstateManagement.Application.dll" ├╝zerine kopyalanamad─▒. 5 numaral─▒ yeniden denemeye 1000 ms i├ğinde ba┼şlanacak. The process cannot access the file 'C:\Users\kursa\.gemini\antigravity\scratch\HousingEstateManagement\HousingEstateManagement.API\bin\Debug\net9.0\HousingEstateManagement.Application.dll' because it is being used by another process. Dosya ┼şunun taraf─▒ndan kilitlendi: "HousingEstateManagement.API (1440)" [C:\Users\kursa\.gemini\antigravity\scratch\HousingEstateManagement\HousingEstateManagement.API\HousingEstateManagement.API.csproj]
C:\Program Files\dotnet\sdk\9.0.203\Microsoft.Common.CurrentVersion.targets(5063,5): warning MSB3026: "C:\Users\kursa\.gemini\antigravity\scratch\HousingEstateManagement\HousingEstateManagement.Domain\bin\Debug\net9.0\HousingEstateManagement.Domain.dll", "bin\Debug\net9.0\HousingEstateManagement.Domain.dll" ├╝zerine kopyalanamad─▒. 5 numaral─▒ yeniden denemeye 1000 ms i├ğinde ba┼şlanacak. The process cannot access the file 'C:\Users\kursa\.gemini\antigravity\scratch\HousingEstateManagement\HousingEstateManagement.API\bin\Debug\net9.0\HousingEstateManagement.Domain.dll' because it is being used by another process. Dosya ┼şunun taraf─▒ndan kilitlendi: "HousingEstateManagement.API (1440)" [C:\Users\kursa\.gemini\antigravity\scratch\HousingEstateManagement\HousingEstateManagement.API\HousingEstateManagement.API.csproj]
C:\Program Files\dotnet\sdk\9.0.203\Microsoft.Common.CurrentVersion.targets(5063,5): warning MSB3026: "C:\Users\kursa\.gemini\antigravity\scratch\HousingEstateManagement\HousingEstateManagement.Infrastructure\bin\Debug\net9.0\HousingEstateManagement.Infrastructure.dll", "bin\Debug\net9.0\HousingEstateManagement.Infrastructure.dll" ├╝zerine kopyalanamad─▒. 5 numaral─▒ yeniden denemeye 1000 ms i├ğinde ba┼şlanacak. The process cannot access the file 'C:\Users\kursa\.gemini\antigravity\scratch\HousingEstateManagement\HousingEstateManagement.API\bin\Debug\net9.0\HousingEstateManagement.Infrastructure.dll' because it is being used by another process. Dosya ┼şunun taraf─▒ndan kilitlendi: "HousingEstateManagement.API (1440)" [C:\Users\kursa\.gemini\antigravity\scratch\HousingEstateManagement\HousingEstateManagement.API\HousingEstateManagement.API.csproj]
C:\Program Files\dotnet\sdk\9.0.203\Microsoft.Common.CurrentVersion.targets(5063,5): warning MSB3026: "C:\Users\kursa\.gemini\antigravity\scratch\HousingEstateManagement\HousingEstateManagement.Application\bin\Debug\net9.0\HousingEstateManagement.Application.dll", "bin\Debug\net9.0\HousingEstateManagement.Application.dll" ├╝zerine kopyalanamad─▒. 6 numaral─▒ yeniden denemeye 1000 ms i├ğinde ba┼şlanacak. The process cannot access the file 'C:\Users\kursa\.gemini\antigravity\scratch\HousingEstateManagement\HousingEstateManagement.API\bin\Debug\net9.0\HousingEstateManagement.Application.dll' because it is being used by another process. Dosya ┼şunun taraf─▒ndan kilitlendi: "HousingEstateManagement.API (1440)" [C:\Users\kursa\.gemini\antigravity\scratch\HousingEstateManagement\HousingEstateManagement.API\HousingEstateManagement.API.csproj]
C:\Program Files\dotnet\sdk\9.0.203\Microsoft.Common.CurrentVersion.targets(5063,5): warning MSB3026: "C:\Users\kursa\.gemini\antigravity\scratch\HousingEstateManagement\HousingEstateManagement.Domain\bin\Debug\net9.0\HousingEstateManagement.Domain.dll", "bin\Debug\net9.0\HousingEstateManagement.Domain.dll" ├╝zerine kopyalanamad─▒. 6 numaral─▒ yeniden denemeye 1000 ms i├ğinde ba┼şlanacak. The process cannot access the file 'C:\Users\kursa\.gemini\antigravity\scratch\HousingEstateManagement\HousingEstateManagement.API\bin\Debug\net9.0\HousingEstateManagement.Domain.dll' because it is being used by another process. Dosya ┼şunun taraf─▒ndan kilitlendi: "HousingEstateManagement.API (1440)" [C:\Users\kursa\.gemini\antigravity\scratch\HousingEstateManagement\HousingEstateManagement.API\HousingEstateManagement.API.csproj]
C:\Program Files\dotnet\sdk\9.0.203\Microsoft.Common.CurrentVersion.targets(5063,5): warning MSB3026: "C:\Users\kursa\.gemini\antigravity\scratch\HousingEstateManagement\HousingEstateManagement.Infrastructure\bin\Debug\net9.0\HousingEstateManagement.Infrastructure.dll", "bin\Debug\net9.0\HousingEstateManagement.Infrastructure.dll" ├╝zerine kopyalanamad─▒. 6 numaral─▒ yeniden denemeye 1000 ms i├ğinde ba┼şlanacak. The process cannot access the file 'C:\Users\kursa\.gemini\antigravity\scratch\HousingEstateManagement\HousingEstateManagement.API\bin\Debug\net9.0\HousingEstateManagement.Infrastructure.dll' because it is being used by another process. Dosya ┼şunun taraf─▒ndan kilitlendi: "HousingEstateManagement.API (1440)" [C:\Users\kursa\.gemini\antigravity\scratch\HousingEstateManagement\HousingEstateManagement.API\HousingEstateManagement.API.csproj]
C:\Program Files\dotnet\sdk\9.0.203\Microsoft.Common.CurrentVersion.targets(5063,5): warning MSB3026: "C:\Users\kursa\.gemini\antigravity\scratch\HousingEstateManagement\HousingEstateManagement.Application\bin\Debug\net9.0\HousingEstateManagement.Application.dll", "bin\Debug\net9.0\HousingEstateManagement.Application.dll" ├╝zerine kopyalanamad─▒. 7 numaral─▒ yeniden denemeye 1000 ms i├ğinde ba┼şlanacak. The process cannot access the file 'C:\Users\kursa\.gemini\antigravity\scratch\HousingEstateManagement\HousingEstateManagement.API\bin\Debug\net9.0\HousingEstateManagement.Application.dll' because it is being used by another process. Dosya ┼şunun taraf─▒ndan kilitlendi: "HousingEstateManagement.API (1440)" [C:\Users\kursa\.gemini\antigravity\scratch\HousingEstateManagement\HousingEstateManagement.API\HousingEstateManagement.API.csproj]
C:\Program Files\dotnet\sdk\9.0.203\Microsoft.Common.CurrentVersion.targets(5063,5): warning MSB3026: "C:\Users\kursa\.gemini\antigravity\scratch\HousingEstateManagement\HousingEstateManagement.Infrastructure\bin\Debug\net9.0\HousingEstateManagement.Infrastructure.dll", "bin\Debug\net9.0\HousingEstateManagement.Infrastructure.dll" ├╝zerine kopyalanamad─▒. 7 numaral─▒ yeniden denemeye 1000 ms i├ğinde ba┼şlanacak. The process cannot access the file 'C:\Users\kursa\.gemini\antigravity\scratch\HousingEstateManagement\HousingEstateManagement.API\bin\Debug\net9.0\HousingEstateManagement.Infrastructure.dll' because it is being used by another process. Dosya ┼şunun taraf─▒ndan kilitlendi: "HousingEstateManagement.API (1440)" [C:\Users\kursa\.gemini\antigravity\scratch\HousingEstateManagement\HousingEstateManagement.API\HousingEstateManagement.API.csproj]
C:\Program Files\dotnet\sdk\9.0.203\Microsoft.Common.CurrentVersion.targets(5063,5): warning MSB3026: "C:\Users\kursa\.gemini\antigravity\scratch\HousingEstateManagement\HousingEstateManagement.Domain\bin\Debug\net9.0\HousingEstateManagement.Domain.dll", "bin\Debug\net9.0\HousingEstateManagement.Domain.dll" ├╝zerine kopyalanamad─▒. 7 numaral─▒ yeniden denemeye 1000 ms i├ğinde ba┼şlanacak. The process cannot access the file 'C:\Users\kursa\.gemini\antigravity\scratch\HousingEstateManagement\HousingEstateManagement.API\bin\Debug\net9.0\HousingEstateManagement.Domain.dll' because it is being used by another process. Dosya ┼şunun taraf─▒ndan kilitlendi: "HousingEstateManagement.API (1440)" [C:\Users\kursa\.gemini\antigravity\scratch\HousingEstateManagement\HousingEstateManagement.API\HousingEstateManagement.API.csproj]
C:\Program Files\dotnet\sdk\9.0.203\Microsoft.Common.CurrentVersion.targets(5063,5): warning MSB3026: "C:\Users\kursa\.gemini\antigravity\scratch\HousingEstateManagement\HousingEstateManagement.Application\bin\Debug\net9.0\HousingEstateManagement.Application.dll", "bin\Debug\net9.0\HousingEstateManagement.Application.dll" ├╝zerine kopyalanamad─▒. 8 numaral─▒ yeniden denemeye 1000 ms i├ğinde ba┼şlanacak. The process cannot access the file 'C:\Users\kursa\.gemini\antigravity\scratch\HousingEstateManagement\HousingEstateManagement.API\bin\Debug\net9.0\HousingEstateManagement.Application.dll' because it is being used by another process. Dosya ┼şunun taraf─▒ndan kilitlendi: "HousingEstateManagement.API (1440)" [C:\Users\kursa\.gemini\antigravity\scratch\HousingEstateManagement\HousingEstateManagement.API\HousingEstateManagement.API.csproj]
C:\Program Files\dotnet\sdk\9.0.203\Microsoft.Common.CurrentVersion.targets(5063,5): warning MSB3026: "C:\Users\kursa\.gemini\antigravity\scratch\HousingEstateManagement\HousingEstateManagement.Infrastructure\bin\Debug\net9.0\HousingEstateManagement.Infrastructure.dll", "bin\Debug\net9.0\HousingEstateManagement.Infrastructure.dll" ├╝zerine kopyalanamad─▒. 8 numaral─▒ yeniden denemeye 1000 ms i├ğinde ba┼şlanacak. The process cannot access the file 'C:\Users\kursa\.gemini\antigravity\scratch\HousingEstateManagement\HousingEstateManagement.API\bin\Debug\net9.0\HousingEstateManagement.Infrastructure.dll' because it is being used by another process. Dosya ┼şunun taraf─▒ndan kilitlendi: "HousingEstateManagement.API (1440)" [C:\Users\kursa\.gemini\antigravity\scratch\HousingEstateManagement\HousingEstateManagement.API\HousingEstateManagement.API.csproj]
C:\Program Files\dotnet\sdk\9.0.203\Microsoft.Common.CurrentVersion.targets(5063,5): warning MSB3026: "C:\Users\kursa\.gemini\antigravity\scratch\HousingEstateManagement\HousingEstateManagement.Domain\bin\Debug\net9.0\HousingEstateManagement.Domain.dll", "bin\Debug\net9.0\HousingEstateManagement.Domain.dll" ├╝zerine kopyalanamad─▒. 8 numaral─▒ yeniden denemeye 1000 ms i├ğinde ba┼şlanacak. The process cannot access the file 'C:\Users\kursa\.gemini\antigravity\scratch\HousingEstateManagement\HousingEstateManagement.API\bin\Debug\net9.0\HousingEstateManagement.Domain.dll' because it is being used by another process. Dosya ┼şunun taraf─▒ndan kilitlendi: "HousingEstateManagement.API (1440)" [C:\Users\kursa\.gemini\antigravity\scratch\HousingEstateManagement\HousingEstateManagement.API\HousingEstateManagement.API.csproj]
C:\Program Files\dotnet\sdk\9.0.203\Microsoft.Common.CurrentVersion.targets(5063,5): warning MSB3026: "C:\Users\kursa\.gemini\antigravity\scratch\HousingEstateManagement\HousingEstateManagement.Application\bin\Debug\net9.0\HousingEstateManagement.Application.dll", "bin\Debug\net9.0\HousingEstateManagement.Application.dll" ├╝zerine kopyalanamad─▒. 9 numaral─▒ yeniden denemeye 1000 ms i├ğinde ba┼şlanacak. The process cannot access the file 'C:\Users\kursa\.gemini\antigravity\scratch\HousingEstateManagement\HousingEstateManagement.API\bin\Debug\net9.0\HousingEstateManagement.Application.dll' because it is being used by another process. Dosya ┼şunun taraf─▒ndan kilitlendi: "HousingEstateManagement.API (1440)" [C:\Users\kursa\.gemini\antigravity\scratch\HousingEstateManagement\HousingEstateManagement.API\HousingEstateManagement.API.csproj]
C:\Program Files\dotnet\sdk\9.0.203\Microsoft.Common.CurrentVersion.targets(5063,5): warning MSB3026: "C:\Users\kursa\.gemini\antigravity\scratch\HousingEstateManagement\HousingEstateManagement.Infrastructure\bin\Debug\net9.0\HousingEstateManagement.Infrastructure.dll", "bin\Debug\net9.0\HousingEstateManagement.Infrastructure.dll" ├╝zerine kopyalanamad─▒. 9 numaral─▒ yeniden denemeye 1000 ms i├ğinde ba┼şlanacak. The process cannot access the file 'C:\Users\kursa\.gemini\antigravity\scratch\HousingEstateManagement\HousingEstateManagement.API\bin\Debug\net9.0\HousingEstateManagement.Infrastructure.dll' because it is being used by another process. Dosya ┼şunun taraf─▒ndan kilitlendi: "HousingEstateManagement.API (1440)" [C:\Users\kursa\.gemini\antigravity\scratch\HousingEstateManagement\HousingEstateManagement.API\HousingEstateManagement.API.csproj]
C:\Program Files\dotnet\sdk\9.0.203\Microsoft.Common.CurrentVersion.targets(5063,5): warning MSB3026: "C:\Users\kursa\.gemini\antigravity\scratch\HousingEstateManagement\HousingEstateManagement.Domain\bin\Debug\net9.0\HousingEstateManagement.Domain.dll", "bin\Debug\net9.0\HousingEstateManagement.Domain.dll" ├╝zerine kopyalanamad─▒. 9 numaral─▒ yeniden denemeye 1000 ms i├ğinde ba┼şlanacak. The process cannot access the file 'C:\Users\kursa\.gemini\antigravity\scratch\HousingEstateManagement\HousingEstateManagement.API\bin\Debug\net9.0\HousingEstateManagement.Domain.dll' because it is being used by another process. Dosya ┼şunun taraf─▒ndan kilitlendi: "HousingEstateManagement.API (1440)" [C:\Users\kursa\.gemini\antigravity\scratch\HousingEstateManagement\HousingEstateManagement.API\HousingEstateManagement.API.csproj]
C:\Program Files\dotnet\sdk\9.0.203\Microsoft.Common.CurrentVersion.targets(5063,5): warning MSB3026: "C:\Users\kursa\.gemini\antigravity\scratch\HousingEstateManagement\HousingEstateManagement.Application\bin\Debug\net9.0\HousingEstateManagement.Application.dll", "bin\Debug\net9.0\HousingEstateManagement.Application.dll" ├╝zerine kopyalanamad─▒. 10 numaral─▒ yeniden denemeye 1000 ms i├ğinde ba┼şlanacak. The process cannot access the file 'C:\Users\kursa\.gemini\antigravity\scratch\HousingEstateManagement\HousingEstateManagement.API\bin\Debug\net9.0\HousingEstateManagement.Application.dll' because it is being used by another process. Dosya ┼şunun taraf─▒ndan kilitlendi: "HousingEstateManagement.API (1440)" [C:\Users\kursa\.gemini\antigravity\scratch\HousingEstateManagement\HousingEstateManagement.API\HousingEstateManagement.API.csproj]
C:\Program Files\dotnet\sdk\9.0.203\Microsoft.Common.CurrentVersion.targets(5063,5): warning MSB3026: "C:\Users\kursa\.gemini\antigravity\scratch\HousingEstateManagement\HousingEstateManagement.Infrastructure\bin\Debug\net9.0\HousingEstateManagement.Infrastructure.dll", "bin\Debug\net9.0\HousingEstateManagement.Infrastructure.dll" ├╝zerine kopyalanamad─▒. 10 numaral─▒ yeniden denemeye 1000 ms i├ğinde ba┼şlanacak. The process cannot access the file 'C:\Users\kursa\.gemini\antigravity\scratch\HousingEstateManagement\HousingEstateManagement.API\bin\Debug\net9.0\HousingEstateManagement.Infrastructure.dll' because it is being used by another process. Dosya ┼şunun taraf─▒ndan kilitlendi: "HousingEstateManagement.API (1440)" [C:\Users\kursa\.gemini\antigravity\scratch\HousingEstateManagement\HousingEstateManagement.API\HousingEstateManagement.API.csproj]
C:\Program Files\dotnet\sdk\9.0.203\Microsoft.Common.CurrentVersion.targets(5063,5): warning MSB3026: "C:\Users\kursa\.gemini\antigravity\scratch\HousingEstateManagement\HousingEstateManagement.Domain\bin\Debug\net9.0\HousingEstateManagement.Domain.dll", "bin\Debug\net9.0\HousingEstateManagement.Domain.dll" ├╝zerine kopyalanamad─▒. 10 numaral─▒ yeniden denemeye 1000 ms i├ğinde ba┼şlanacak. The process cannot access the file 'C:\Users\kursa\.gemini\antigravity\scratch\HousingEstateManagement\HousingEstateManagement.API\bin\Debug\net9.0\HousingEstateManagement.Domain.dll' because it is being used by another process. Dosya ┼şunun taraf─▒ndan kilitlendi: "HousingEstateManagement.API (1440)" [C:\Users\kursa\.gemini\antigravity\scratch\HousingEstateManagement\HousingEstateManagement.API\HousingEstateManagement.API.csproj]
C:\Program Files\dotnet\sdk\9.0.203\Microsoft.Common.CurrentVersion.targets(5063,5): error MSB3027: "C:\Users\kursa\.gemini\antigravity\scratch\HousingEstateManagement\HousingEstateManagement.Application\bin\Debug\net9.0\HousingEstateManagement.Application.dll", "bin\Debug\net9.0\HousingEstateManagement.Application.dll" ├╝zerine kopyalanamad─▒. 10 yeniden deneme say─▒s─▒ a┼ş─▒ld─▒. Ba┼şar─▒s─▒z oldu. Dosya ┼şunun taraf─▒ndan kilitlendi: "HousingEstateManagement.API (1440)" [C:\Users\kursa\.gemini\antigravity\scratch\HousingEstateManagement\HousingEstateManagement.API\HousingEstateManagement.API.csproj]
C:\Program Files\dotnet\sdk\9.0.203\Microsoft.Common.CurrentVersion.targets(5063,5): error MSB3021: "C:\Users\kursa\.gemini\antigravity\scratch\HousingEstateManagement\HousingEstateManagement.Application\bin\Debug\net9.0\HousingEstateManagement.Application.dll" dosyas─▒ "bin\Debug\net9.0\HousingEstateManagement.Application.dll" ├╝zerine kopyalanam─▒yor. The process cannot access the file 'C:\Users\kursa\.gemini\antigravity\scratch\HousingEstateManagement\HousingEstateManagement.API\bin\Debug\net9.0\HousingEstateManagement.Application.dll' because it is being used by another process. [C:\Users\kursa\.gemini\antigravity\scratch\HousingEstateManagement\HousingEstateManagement.API\HousingEstateManagement.API.csproj]
C:\Program Files\dotnet\sdk\9.0.203\Microsoft.Common.CurrentVersion.targets(5063,5): error MSB3027: "C:\Users\kursa\.gemini\antigravity\scratch\HousingEstateManagement\HousingEstateManagement.Domain\bin\Debug\net9.0\HousingEstateManagement.Domain.dll", "bin\Debug\net9.0\HousingEstateManagement.Domain.dll" ├╝zerine kopyalanamad─▒. 10 yeniden deneme say─▒s─▒ a┼ş─▒ld─▒. Ba┼şar─▒s─▒z oldu. Dosya ┼şunun taraf─▒ndan kilitlendi: "HousingEstateManagement.API (1440)" [C:\Users\kursa\.gemini\antigravity\scratch\HousingEstateManagement\HousingEstateManagement.API\HousingEstateManagement.API.csproj]
C:\Program Files\dotnet\sdk\9.0.203\Microsoft.Common.CurrentVersion.targets(5063,5): error MSB3021: "C:\Users\kursa\.gemini\antigravity\scratch\HousingEstateManagement\HousingEstateManagement.Domain\bin\Debug\net9.0\HousingEstateManagement.Domain.dll" dosyas─▒ "bin\Debug\net9.0\HousingEstateManagement.Domain.dll" ├╝zerine kopyalanam─▒yor. The process cannot access the file 'C:\Users\kursa\.gemini\antigravity\scratch\HousingEstateManagement\HousingEstateManagement.API\bin\Debug\net9.0\HousingEstateManagement.Domain.dll' because it is being used by another process. [C:\Users\kursa\.gemini\antigravity\scratch\HousingEstateManagement\HousingEstateManagement.API\HousingEstateManagement.API.csproj]
C:\Program Files\dotnet\sdk\9.0.203\Microsoft.Common.CurrentVersion.targets(5063,5): error MSB3027: "C:\Users\kursa\.gemini\antigravity\scratch\HousingEstateManagement\HousingEstateManagement.Infrastructure\bin\Debug\net9.0\HousingEstateManagement.Infrastructure.dll", "bin\Debug\net9.0\HousingEstateManagement.Infrastructure.dll" ├╝zerine kopyalanamad─▒. 10 yeniden deneme say─▒s─▒ a┼ş─▒ld─▒. Ba┼şar─▒s─▒z oldu. Dosya ┼şunun taraf─▒ndan kilitlendi: "HousingEstateManagement.API (1440)" [C:\Users\kursa\.gemini\antigravity\scratch\HousingEstateManagement\HousingEstateManagement.API\HousingEstateManagement.API.csproj]
C:\Program Files\dotnet\sdk\9.0.203\Microsoft.Common.CurrentVersion.targets(5063,5): error MSB3021: "C:\Users\kursa\.gemini\antigravity\scratch\HousingEstateManagement\HousingEstateManagement.Infrastructure\bin\Debug\net9.0\HousingEstateManagement.Infrastructure.dll" dosyas─▒ "bin\Debug\net9.0\HousingEstateManagement.Infrastructure.dll" ├╝zerine kopyalanam─▒yor. The process cannot access the file 'C:\Users\kursa\.gemini\antigravity\scratch\HousingEstateManagement\HousingEstateManagement.API\bin\Debug\net9.0\HousingEstateManagement.Infrastructure.dll' because it is being used by another process. [C:\Users\kursa\.gemini\antigravity\scratch\HousingEstateManagement\HousingEstateManagement.API\HousingEstateManagement.API.csproj]
    67 Uyar─▒
    6 Hata

Ge├ğen S├╝re 00:00:18.24

─░┼ş y├╝k├╝ g├╝ncelle┼ştirmeleri var. Daha fazla bilgi i├ğin `dotnet workload list` ├ğal─▒┼şt─▒r─▒n.
